---
source: tests/snapshots.rs
---
InvalidInt(
    "1e+09",
)
