---
source: tests/snapshots.rs
---
version: ""
new_symbols:
  - NS_DESC_
  - CM_
  - BA_DEF_
  - BA_
  - VAL_
  - CAT_DEF_
  - CAT_
  - FILTER
  - BA_DEF_DEF_
  - EV_DATA_
  - ENVVAR_DATA_
  - SGTYPE_
  - SGTYPE_VAL_
  - BA_DEF_SGTYPE_
  - BA_SGTYPE_
  - SIG_TYPE_REF_
  - VAL_TABLE_
  - SIG_GROUP_
  - SIG_VALTYPE_
  - SIGTYPE_VALTYPE_
  - BO_TX_BU_
  - BA_DEF_REL_
  - BA_REL_
  - BA_DEF_DEF_REL_
  - BU_SG_REL_
  - BU_EV_REL_
  - BU_BO_REL_
  - SG_MUL_VAL_
bit_timing: []
nodes:
  - K16_BECM
  - K73_TCIC
  - K9_BCM
  - K43_PSCM
  - K17_EBCM
  - K20_ECM
  - K114B_HPCM
  - NEO
  - K124_ASCM
value_tables:
  - name: TurnSignals
    descriptions:
      - id: 2
        description: Right Turn
      - id: 1
        description: Left Turn
      - id: 0
        description: None
  - name: ACCLeadCar
    descriptions:
      - id: 1
        description: Present
      - id: 0
        description: Not Present
  - name: ACCCmdActive
    descriptions:
      - id: 1
        description: Active
      - id: 0
        description: Inactive
  - name: BrakePedalPressed
    descriptions:
      - id: 1
        description: Pressed
      - id: 0
        description: Depressed
  - name: DistanceButton
    descriptions:
      - id: 1
        description: Active
      - id: 0
        description: Inactive
  - name: LKAButton
    descriptions:
      - id: 1
        description: Active
      - id: 0
        description: Inactive
  - name: ACCButtons
    descriptions:
      - id: 6
        description: Cancel
      - id: 5
        description: Main
      - id: 3
        description: Set
      - id: 2
        description: Resume
      - id: 1
        description: None
  - name: PRNDL
    descriptions:
      - id: 3
        description: Reverse
      - id: 2
        description: Drive
      - id: 1
        description: Neutral
      - id: 0
        description: Park
  - name: DoorStatus
    descriptions:
      - id: 1
        description: Opened
      - id: 0
        description: Closed
  - name: SeatBeltStatus
    descriptions:
      - id: 1
        description: Latched
      - id: 0
        description: Unlatched
  - name: LKASteeringCmdActive
    descriptions:
      - id: 1
        description: Active
      - id: 0
        description: Inactive
  - name: ACCGapLevel
    descriptions:
      - id: 3
        description: Far
      - id: 2
        description: Med
      - id: 1
        description: Near
      - id: 0
        description: Inactive
  - name: GasRegenCmdActiveInv
    descriptions:
      - id: 1
        description: Inactive
      - id: 0
        description: Active
  - name: GasRegenCmdActive
    descriptions:
      - id: 1
        description: Active
      - id: 0
        description: Inactive
  - name: LKATorqueDeliveredStatus
    descriptions:
      - id: 3
        description: Failed
      - id: 2
        description: Temp. Limited
      - id: 1
        description: Active
      - id: 0
        description: Inactive
  - name: HandsOffSWDetectionStatus
    descriptions:
      - id: 1
        description: Hands On
      - id: 0
        description: Hands Off
  - name: HandsOffSWDetectionMode
    descriptions:
      - id: 2
        description: Failed
      - id: 1
        description: Enabled
      - id: 0
        description: Disabled
messages:
  - id:
      Standard: 717
    name: ASCM_2CD
    size: 5
    transmitter:
      NodeName: K124_ASCM
  - id:
      Standard: 869
    name: ASCM_365
    size: 4
    transmitter:
      NodeName: K124_ASCM
  - id:
      Standard: 1034
    name: ASCM_40A
    size: 7
    transmitter:
      NodeName: K124_ASCM
  - id:
      Standard: 1296
    name: ASCM_510
    size: 4
    transmitter:
      NodeName: K124_ASCM
  - id:
      Standard: 1930
    name: ASCM_78A
    size: 7
    transmitter:
      NodeName: K124_ASCM
  - id:
      Standard: 190
    name: ECMAcceleratorPos
    size: 6
    transmitter:
      NodeName: K20_ECM
    signals:
      - name: BrakePedalPos
        multiplexer_indicator: Plain
        start_bit: 15
        size: 8
        byte_order: BigEndian
        value_type: Unsigned
        factor: 1
        offset: 0
        min: 0
        max: 0
        unit: sticky
        receivers:
          - NEO
      - name: GasPedalAndAcc
        multiplexer_indicator: Plain
        start_bit: 23
        size: 8
        byte_order: BigEndian
        value_type: Unsigned
        factor: 1
        offset: 0
        min: 0
        max: 0
        unit: ""
        receivers:
          - NEO
  - id:
      Standard: 201
    name: ECMEngineStatus
    size: 8
    transmitter:
      NodeName: K20_ECM
    signals:
      - name: EngineTPS
        multiplexer_indicator: Plain
        start_bit: 39
        size: 8
        byte_order: BigEndian
        value_type: Unsigned
        factor: 0.392156863
        offset: 0
        min: 0
        max: 100.000000065
        unit: "%"
        receivers:
          - NEO
      - name: EngineRPM
        multiplexer_indicator: Plain
        start_bit: 15
        size: 16
        byte_order: BigEndian
        value_type: Unsigned
        factor: 0.25
        offset: 0
        min: 0
        max: 0
        unit: RPM
        receivers:
          - NEO
  - id:
      Standard: 209
    name: EBCMBrakePedalSensors
    size: 7
    transmitter:
      NodeName: K17_EBCM
    signals:
      - name: Counter1
        multiplexer_indicator: Plain
        start_bit: 7
        size: 2
        byte_order: BigEndian
        value_type: Unsigned
        factor: 1
        offset: 0
        min: 0
        max: 3
        unit: ""
        receivers:
          - XXX
      - name: Counter2
        multiplexer_indicator: Plain
        start_bit: 23
        size: 2
        byte_order: BigEndian
        value_type: Unsigned
        factor: 1
        offset: 0
        min: 0
        max: 3
        unit: ""
        receivers:
          - XXX
      - name: BrakePedalPosition1
        multiplexer_indicator: Plain
        start_bit: 5
        size: 14
        byte_order: BigEndian
        value_type: Unsigned
        factor: 1
        offset: 0
        min: 0
        max: 16383
        unit: ""
        receivers:
          - XXX
      - name: BrakePedalPosition2
        multiplexer_indicator: Plain
        start_bit: 21
        size: 14
        byte_order: BigEndian
        value_type: Signed
        factor: -1
        offset: 0
        min: 0
        max: 16383
        unit: ""
        receivers:
          - XXX
      - name: BrakeNormalized1
        multiplexer_indicator: Plain
        start_bit: 39
        size: 8
        byte_order: BigEndian
        value_type: Unsigned
        factor: 1
        offset: 0
        min: 0
        max: 255
        unit: ""
        receivers:
          - XXX
      - name: BrakeNormalized2
        multiplexer_indicator: Plain
        start_bit: 47
        size: 8
        byte_order: BigEndian
        value_type: Signed
        factor: -1
        offset: 0
        min: 0
        max: 255
        unit: ""
        receivers:
          - XXX
  - id:
      Standard: 241
    name: EBCMBrakePedalPosition
    size: 6
    transmitter:
      NodeName: K17_EBCM
    signals:
      - name: BrakePedalPosition
        multiplexer_indicator: Plain
        start_bit: 15
        size: 8
        byte_order: BigEndian
        value_type: Unsigned
        factor: 1
        offset: 0
        min: 0
        max: 255
        unit: ""
        receivers:
          - NEO
  - id:
      Standard: 298
    name: BCMDoorBeltStatus
    size: 8
    transmitter:
      NodeName: K9_BCM
    signals:
      - name: RearLeftDoor
        multiplexer_indicator: Plain
        start_bit: 8
        size: 1
        byte_order: BigEndian
        value_type: Unsigned
        factor: 1
        offset: 0
        min: 0
        max: 0
        unit: ""
        receivers:
          - NEO
      - name: FrontLeftDoor
        multiplexer_indicator: Plain
        start_bit: 9
        size: 1
        byte_order: BigEndian
        value_type: Unsigned
        factor: 1
        offset: 0
        min: 0
        max: 0
        unit: ""
        receivers:
          - NEO
      - name: FrontRightDoor
        multiplexer_indicator: Plain
        start_bit: 10
        size: 1
        byte_order: BigEndian
        value_type: Unsigned
        factor: 1
        offset: 0
        min: 0
        max: 0
        unit: ""
        receivers:
          - NEO
      - name: RearRightDoor
        multiplexer_indicator: Plain
        start_bit: 23
        size: 1
        byte_order: BigEndian
        value_type: Unsigned
        factor: 1
        offset: 0
        min: 0
        max: 0
        unit: ""
        receivers:
          - NEO
      - name: LeftSeatBelt
        multiplexer_indicator: Plain
        start_bit: 12
        size: 1
        byte_order: BigEndian
        value_type: Unsigned
        factor: 1
        offset: 0
        min: 0
        max: 0
        unit: ""
        receivers:
          - NEO
      - name: RightSeatBelt
        multiplexer_indicator: Plain
        start_bit: 53
        size: 1
        byte_order: BigEndian
        value_type: Unsigned
        factor: 1
        offset: 0
        min: 0
        max: 0
        unit: ""
        receivers:
          - NEO
  - id:
      Standard: 309
    name: ECMPRDNL
    size: 8
    transmitter:
      NodeName: K20_ECM
    signals:
      - name: PRNDL
        multiplexer_indicator: Plain
        start_bit: 2
        size: 3
        byte_order: BigEndian
        value_type: Unsigned
        factor: 1
        offset: 0
        min: 0
        max: 0
        unit: ""
        receivers:
          - NEO
  - id:
      Standard: 320
    name: BCMTurnSignals
    size: 3
    transmitter:
      NodeName: K9_BCM
    signals:
      - name: TurnSignals
        multiplexer_indicator: Plain
        start_bit: 19
        size: 2
        byte_order: BigEndian
        value_type: Unsigned
        factor: 1
        offset: 0
        min: 0
        max: 0
        unit: ""
        receivers:
          - NEO
  - id:
      Standard: 336
    name: ASCMLKASStatus
    size: 1
    transmitter:
      NodeName: NEO
    signals:
      - name: Available
        multiplexer_indicator: Plain
        start_bit: 7
        size: 1
        byte_order: BigEndian
        value_type: Unsigned
        factor: 1
        offset: 0
        min: 0
        max: 0
        unit: ""
        receivers:
          - NEO
  - id:
      Standard: 338
    name: ASCMLKASteeringCmd
    size: 6
    transmitter:
      NodeName: NEO
    signals:
      - name: LKASteeringCmdActive
        multiplexer_indicator: Plain
        start_bit: 7
        size: 1
        byte_order: BigEndian
        value_type: Unsigned
        factor: 1
        offset: 0
        min: 0
        max: 0
        unit: ""
        receivers:
          - NEO
      - name: LKASteeringCmd
        multiplexer_indicator: Plain
        start_bit: 5
        size: 14
        byte_order: BigEndian
        value_type: Signed
        factor: 1
        offset: 0
        min: 0
        max: 0
        unit: ""
        receivers:
          - NEO
      - name: RollingCounter
        multiplexer_indicator: Plain
        start_bit: 23
        size: 2
        byte_order: BigEndian
        value_type: Unsigned
        factor: 1
        offset: 0
        min: 0
        max: 0
        unit: ""
        receivers:
          - NEO
      - name: SetMe1
        multiplexer_indicator: Plain
        start_bit: 21
        size: 1
        byte_order: BigEndian
        value_type: Unsigned
        factor: 1
        offset: 0
        min: 0
        max: 0
        unit: ""
        receivers:
          - NEO
      - name: LKASVehicleSpeed
        multiplexer_indicator: Plain
        start_bit: 20
        size: 13
        byte_order: BigEndian
        value_type: Unsigned
        factor: 0.22
        offset: 0
        min: 0
        max: 0
        unit: kph
        receivers:
          - NEO
      - name: LKASMode
        multiplexer_indicator: Plain
        start_bit: 36
        size: 2
        byte_order: BigEndian
        value_type: Unsigned
        factor: 1
        offset: 0
        min: 0
        max: 0
        unit: ""
        receivers:
          - NEO
      - name: LKASteeringCmdChecksum
        multiplexer_indicator: Plain
        start_bit: 33
        size: 10
        byte_order: BigEndian
        value_type: Unsigned
        factor: 1
        offset: 0
        min: 0
        max: 0
        unit: ""
        receivers:
          - NEO
  - id:
      Standard: 340
    name: ASCMBLKASteeringCmd
    size: 6
    transmitter:
      NodeName: NEO
    signals:
      - name: LKASteeringCmdActive
        multiplexer_indicator: Plain
        start_bit: 7
        size: 1
        byte_order: BigEndian
        value_type: Unsigned
        factor: 1
        offset: 0
        min: 0
        max: 0
        unit: ""
        receivers:
          - NEO
      - name: LKASteeringCmd
        multiplexer_indicator: Plain
        start_bit: 5
        size: 14
        byte_order: BigEndian
        value_type: Signed
        factor: 1
        offset: 0
        min: 0
        max: 0
        unit: ""
        receivers:
          - NEO
      - name: RollingCounter
        multiplexer_indicator: Plain
        start_bit: 23
        size: 2
        byte_order: BigEndian
        value_type: Unsigned
        factor: 1
        offset: 0
        min: 0
        max: 0
        unit: ""
        receivers:
          - NEO
      - name: SetMe1
        multiplexer_indicator: Plain
        start_bit: 21
        size: 1
        byte_order: BigEndian
        value_type: Unsigned
        factor: 1
        offset: 0
        min: 0
        max: 0
        unit: ""
        receivers:
          - NEO
      - name: LKASVehicleSpeed
        multiplexer_indicator: Plain
        start_bit: 20
        size: 13
        byte_order: BigEndian
        value_type: Unsigned
        factor: 0.22
        offset: 0
        min: 0
        max: 0
        unit: kph
        receivers:
          - NEO
      - name: LKASMode
        multiplexer_indicator: Plain
        start_bit: 36
        size: 2
        byte_order: BigEndian
        value_type: Unsigned
        factor: 1
        offset: 0
        min: 0
        max: 0
        unit: ""
        receivers:
          - NEO
      - name: LKASteeringCmdChecksum
        multiplexer_indicator: Plain
        start_bit: 33
        size: 10
        byte_order: BigEndian
        value_type: Unsigned
        factor: 1
        offset: 0
        min: 0
        max: 0
        unit: ""
        receivers:
          - NEO
  - id:
      Standard: 381
    name: MSG_17D
    size: 8
    transmitter:
      NodeName: K20_ECM
    signals:
      - name: MSG17D_AccPower
        multiplexer_indicator: Plain
        start_bit: 35
        size: 12
        byte_order: BigEndian
        value_type: Signed
        factor: 1
        offset: 0
        min: 0
        max: 0
        unit: ""
        receivers:
          - NEO
  - id:
      Standard: 356
    name: PSCMStatus
    size: 8
    transmitter:
      NodeName: K43_PSCM
    signals:
      - name: LKATorqueDeliveredStatus
        multiplexer_indicator: Plain
        start_bit: 7
        size: 3
        byte_order: BigEndian
        value_type: Unsigned
        factor: 1
        offset: 0
        min: 0
        max: 7
        unit: ""
        receivers:
          - NEO
      - name: LKADriverAppldTrq
        multiplexer_indicator: Plain
        start_bit: 2
        size: 11
        byte_order: BigEndian
        value_type: Signed
        factor: 0.01
        offset: 0
        min: -10.24
        max: 10.23
        unit: Nm
        receivers:
          - NEO
      - name: LKATBDTorque
        multiplexer_indicator: Plain
        start_bit: 21
        size: 14
        byte_order: BigEndian
        value_type: Signed
        factor: -0.005
        offset: 0
        min: -10.24
        max: 10.23
        unit: Nm
        receivers:
          - NEO
      - name: RollingCounter
        multiplexer_indicator: Plain
        start_bit: 39
        size: 2
        byte_order: BigEndian
        value_type: Unsigned
        factor: 1
        offset: 0
        min: 0
        max: 0
        unit: ""
        receivers:
          - NEO
      - name: LKATotalTorqueDelivered
        multiplexer_indicator: Plain
        start_bit: 37
        size: 14
        byte_order: BigEndian
        value_type: Signed
        factor: 0.01
        offset: 0
        min: -10.24
        max: 10.23
        unit: Nm
        receivers:
          - NEO
  - id:
      Standard: 417
    name: AcceleratorPedal
    size: 7
    transmitter:
      NodeName: XXX
    signals:
      - name: AcceleratorPedal
        multiplexer_indicator: Plain
        start_bit: 55
        size: 8
        byte_order: BigEndian
        value_type: Unsigned
        factor: 1
        offset: 0
        min: 0
        max: 0
        unit: ""
        receivers:
          - NEO
  - id:
      Standard: 451
    name: GasAndAcc
    size: 8
    transmitter:
      NodeName: XXX
    signals:
      - name: GasPedalAndAcc2
        multiplexer_indicator: Plain
        start_bit: 55
        size: 8
        byte_order: BigEndian
        value_type: Unsigned
        factor: 1
        offset: 0
        min: 0
        max: 0
        unit: ""
        receivers:
          - NEO
  - id:
      Standard: 452
    name: AcceleratorPedal2
    size: 8
    transmitter:
      NodeName: XXX
    signals:
      - name: AcceleratorPedal2
        multiplexer_indicator: Plain
        start_bit: 47
        size: 8
        byte_order: BigEndian
        value_type: Unsigned
        factor: 1
        offset: 0
        min: 0
        max: 0
        unit: ""
        receivers:
          - NEO
  - id:
      Standard: 481
    name: ASCMSteeringButton
    size: 7
    transmitter:
      NodeName: K124_ASCM
    signals:
      - name: DistanceButton
        multiplexer_indicator: Plain
        start_bit: 22
        size: 1
        byte_order: BigEndian
        value_type: Unsigned
        factor: 1
        offset: 0
        min: 0
        max: 0
        unit: ""
        receivers:
          - NEO
      - name: LKAButton
        multiplexer_indicator: Plain
        start_bit: 23
        size: 1
        byte_order: BigEndian
        value_type: Unsigned
        factor: 1
        offset: 0
        min: 0
        max: 0
        unit: ""
        receivers:
          - NEO
      - name: ACCButtons
        multiplexer_indicator: Plain
        start_bit: 46
        size: 3
        byte_order: BigEndian
        value_type: Unsigned
        factor: 1
        offset: 0
        min: 0
        max: 0
        unit: ""
        receivers:
          - NEO
  - id:
      Standard: 485
    name: PSCMSteeringAngle
    size: 8
    transmitter:
      NodeName: K43_PSCM
    signals:
      - name: SteeringWheelAngle
        multiplexer_indicator: Plain
        start_bit: 15
        size: 16
        byte_order: BigEndian
        value_type: Signed
        factor: 0.0625
        offset: 0
        min: -2047
        max: 2047
        unit: deg
        receivers:
          - NEO
      - name: SteeringWheelRate
        multiplexer_indicator: Plain
        start_bit: 27
        size: 12
        byte_order: BigEndian
        value_type: Signed
        factor: 1
        offset: 0
        min: -2047
        max: 2047
        unit: deg/s
        receivers:
          - NEO
  - id:
      Standard: 489
    name: EBCMVehicleDynamic
    size: 8
    transmitter:
      NodeName: K17_EBCM
    signals:
      - name: YawRate
        multiplexer_indicator: Plain
        start_bit: 51
        size: 12
        byte_order: BigEndian
        value_type: Signed
        factor: 0.0625
        offset: 0
        min: -2047
        max: 2047
        unit: grad/s
        receivers:
          - NEO
      - name: LateralAcceleration
        multiplexer_indicator: Plain
        start_bit: 3
        size: 12
        byte_order: BigEndian
        value_type: Signed
        factor: 0.0161
        offset: 0
        min: -2047
        max: 2047
        unit: m/s2
        receivers:
          - NEO
      - name: BrakePedalPressed
        multiplexer_indicator: Plain
        start_bit: 6
        size: 1
        byte_order: BigEndian
        value_type: Unsigned
        factor: 1
        offset: 0
        min: 0
        max: 0
        unit: ""
        receivers:
          - NEO
  - id:
      Standard: 711
    name: BECMBatteryVoltageCurrent
    size: 6
    transmitter:
      NodeName: K17_EBCM
    signals:
      - name: HVBatteryVoltage
        multiplexer_indicator: Plain
        start_bit: 31
        size: 12
        byte_order: BigEndian
        value_type: Unsigned
        factor: 0.125
        offset: 0
        min: 0
        max: 511.875
        unit: V
        receivers:
          - NEO
      - name: HVBatteryCurrent
        multiplexer_indicator: Plain
        start_bit: 12
        size: 13
        byte_order: BigEndian
        value_type: Signed
        factor: 0.15
        offset: 0
        min: -614.4
        max: 614.25
        unit: A
        receivers:
          - NEO
  - id:
      Standard: 715
    name: ASCMGasRegenCmd
    size: 8
    transmitter:
      NodeName: K124_ASCM
    signals:
      - name: GasRegenAlwaysOne
        multiplexer_indicator: Plain
        start_bit: 9
        size: 1
        byte_order: BigEndian
        value_type: Unsigned
        factor: 1
        offset: 1
        min: 1
        max: 1
        unit: ""
        receivers:
          - NEO
      - name: GasRegenAlwaysThree
        multiplexer_indicator: Plain
        start_bit: 15
        size: 2
        byte_order: BigEndian
        value_type: Unsigned
        factor: 1
        offset: 1
        min: 1
        max: 1
        unit: ""
        receivers:
          - NEO
      - name: GasRegenChecksum
        multiplexer_indicator: Plain
        start_bit: 47
        size: 24
        byte_order: BigEndian
        value_type: Unsigned
        factor: 1
        offset: 0
        min: 0
        max: 0
        unit: ""
        receivers:
          - NEO
      - name: GasRegenCmdActiveInv
        multiplexer_indicator: Plain
        start_bit: 32
        size: 1
        byte_order: BigEndian
        value_type: Unsigned
        factor: 1
        offset: 0
        min: 0
        max: 0
        unit: ""
        receivers:
          - NEO
      - name: GasRegenFullStopActive
        multiplexer_indicator: Plain
        start_bit: 13
        size: 1
        byte_order: BigEndian
        value_type: Unsigned
        factor: 1
        offset: 0
        min: 0
        max: 0
        unit: ""
        receivers:
          - NEO
      - name: GasRegenCmdActive
        multiplexer_indicator: Plain
        start_bit: 0
        size: 1
        byte_order: BigEndian
        value_type: Unsigned
        factor: 1
        offset: 0
        min: 0
        max: 0
        unit: ""
        receivers:
          - NEO
      - name: RollingCounter
        multiplexer_indicator: Plain
        start_bit: 7
        size: 2
        byte_order: BigEndian
        value_type: Unsigned
        factor: 1
        offset: 0
        min: 0
        max: 0
        unit: ""
        receivers:
          - NEO
      - name: RollingCounter2
        multiplexer_indicator: Plain
        start_bit: 36
        size: 4
        byte_order: BigEndian
        value_type: Unsigned
        factor: 1
        offset: 0
        min: 0
        max: 0
        unit: ""
        receivers:
          - NEO
      - name: GasRegenAlwaysOne2
        multiplexer_indicator: Plain
        start_bit: 23
        size: 1
        byte_order: BigEndian
        value_type: Unsigned
        factor: 1
        offset: 0
        min: 0
        max: 1
        unit: ""
        receivers:
          - NEO
      - name: GasRegenCmd
        multiplexer_indicator: Plain
        start_bit: 22
        size: 15
        byte_order: BigEndian
        value_type: Unsigned
        factor: 1
        offset: 0
        min: 0
        max: 0
        unit: ""
        receivers:
          - NEO
  - id:
      Standard: 810
    name: TCICOnStarGPSPosition
    size: 8
    transmitter:
      NodeName: K73_TCIC
    signals:
      - name: GPSLongitude
        multiplexer_indicator: Plain
        start_bit: 39
        size: 32
        byte_order: BigEndian
        value_type: Unsigned
        factor: 1
        offset: -2147483648
        min: 0
        max: 0
        unit: milliarcsecond
        receivers:
          - NEO
      - name: GPSLatitude
        multiplexer_indicator: Plain
        start_bit: 7
        size: 32
        byte_order: BigEndian
        value_type: Unsigned
        factor: 1
        offset: 0
        min: 0
        max: 0
        unit: milliarcsecond
        receivers:
          - NEO
  - id:
      Standard: 840
    name: EBCMWheelSpdFront
    size: 4
    transmitter:
      NodeName: K17_EBCM
    signals:
      - name: FLWheelSpd
        multiplexer_indicator: Plain
        start_bit: 7
        size: 16
        byte_order: BigEndian
        value_type: Unsigned
        factor: 0.0311
        offset: 0
        min: 0
        max: 255
        unit: km/h
        receivers:
          - NEO
      - name: FRWheelSpd
        multiplexer_indicator: Plain
        start_bit: 23
        size: 16
        byte_order: BigEndian
        value_type: Unsigned
        factor: 0.0311
        offset: 0
        min: 0
        max: 255
        unit: km/h
        receivers:
          - NEO
  - id:
      Standard: 842
    name: EBCMWheelSpdRear
    size: 4
    transmitter:
      NodeName: K17_EBCM
    signals:
      - name: RLWheelSpd
        multiplexer_indicator: Plain
        start_bit: 7
        size: 16
        byte_order: BigEndian
        value_type: Unsigned
        factor: 0.0311
        offset: 0
        min: 0
        max: 255
        unit: km/h
        receivers:
          - NEO
      - name: RRWheelSpd
        multiplexer_indicator: Plain
        start_bit: 23
        size: 16
        byte_order: BigEndian
        value_type: Unsigned
        factor: 0.0311
        offset: 0
        min: 0
        max: 255
        unit: km/h
        receivers:
          - NEO
  - id:
      Standard: 880
    name: ASCMActiveCruiseControlStatus
    size: 6
    transmitter:
      NodeName: K124_ASCM
    signals:
      - name: ACCLeadCar
        multiplexer_indicator: Plain
        start_bit: 44
        size: 1
        byte_order: BigEndian
        value_type: Unsigned
        factor: 1
        offset: 0
        min: 0
        max: 0
        unit: ""
        receivers:
          - Vector__XXX
      - name: ACCAlwaysOne2
        multiplexer_indicator: Plain
        start_bit: 32
        size: 1
        byte_order: BigEndian
        value_type: Unsigned
        factor: 1
        offset: 0
        min: 0
        max: 0
        unit: ""
        receivers:
          - Vector__XXX
      - name: ACCAlwaysOne
        multiplexer_indicator: Plain
        start_bit: 0
        size: 1
        byte_order: BigEndian
        value_type: Unsigned
        factor: 1
        offset: 0
        min: 0
        max: 0
        unit: ""
        receivers:
          - Vector__XXX
      - name: ACCSpeedSetpoint
        multiplexer_indicator: Plain
        start_bit: 19
        size: 12
        byte_order: BigEndian
        value_type: Unsigned
        factor: 0.0625
        offset: 0
        min: 0
        max: 255.9375
        unit: km/h
        receivers:
          - NEO
      - name: ACCGapLevel
        multiplexer_indicator: Plain
        start_bit: 21
        size: 2
        byte_order: BigEndian
        value_type: Unsigned
        factor: 1
        offset: 0
        min: 0
        max: 0
        unit: ""
        receivers:
          - NEO
      - name: ACCResumeButton
        multiplexer_indicator: Plain
        start_bit: 1
        size: 1
        byte_order: BigEndian
        value_type: Unsigned
        factor: 1
        offset: 0
        min: 0
        max: 0
        unit: ""
        receivers:
          - NEO
      - name: ACCCmdActive
        multiplexer_indicator: Plain
        start_bit: 23
        size: 1
        byte_order: BigEndian
        value_type: Unsigned
        factor: 1
        offset: 0
        min: 0
        max: 0
        unit: ""
        receivers:
          - NEO
  - id:
      Standard: 1001
    name: ECMVehicleSpeed
    size: 8
    transmitter:
      NodeName: K20_ECM
    signals:
      - name: VehicleSpeed
        multiplexer_indicator: Plain
        start_bit: 7
        size: 16
        byte_order: BigEndian
        value_type: Unsigned
        factor: 0.01
        offset: 0
        min: 0
        max: 0
        unit: mph
        receivers:
          - NEO
  - id:
      Standard: 1033
    name: ASCMKeepAlive
    size: 7
    transmitter:
      NodeName: NEO
    signals:
      - name: ASCMKeepAliveAllZero
        multiplexer_indicator: Plain
        start_bit: 7
        size: 56
        byte_order: BigEndian
        value_type: Unsigned
        factor: 1
        offset: 0
        min: 0
        max: 0
        unit: ""
        receivers:
          - NEO
  - id:
      Standard: 1217
    name: ECMEngineCoolantTemp
    size: 8
    transmitter:
      NodeName: K20_ECM
    signals:
      - name: EngineCoolantTemp
        multiplexer_indicator: Plain
        start_bit: 23
        size: 8
        byte_order: BigEndian
        value_type: Unsigned
        factor: 1
        offset: -40
        min: 0
        max: 0
        unit: C
        receivers:
          - NEO
  - id:
      Standard: 1249
    name: VIN_Part2
    size: 8
    transmitter:
      NodeName: K20_ECM
    signals:
      - name: VINPart2
        multiplexer_indicator: Plain
        start_bit: 7
        size: 64
        byte_order: BigEndian
        value_type: Unsigned
        factor: 1
        offset: 0
        min: 0
        max: 0
        unit: ""
        receivers:
          - NEO
  - id:
      Standard: 1300
    name: VIN_Part1
    size: 8
    transmitter:
      NodeName: K20_ECM
    signals:
      - name: VINPart1
        multiplexer_indicator: Plain
        start_bit: 7
        size: 64
        byte_order: BigEndian
        value_type: Unsigned
        factor: 1
        offset: 0
        min: 0
        max: 0
        unit: ""
        receivers:
          - NEO
  - id:
      Standard: 1912
    name: PSCM_778
    size: 8
    transmitter:
      NodeName: K43_PSCM
message_transmitters:
  - message_id:
      Standard: 338
    transmitter:
      - NodeName: K124_ASCM
      - NodeName: NEO
  - message_id:
      Standard: 880
    transmitter:
      - NodeName: NEO
      - NodeName: K124_ASCM
  - message_id:
      Standard: 1033
    transmitter:
      - NodeName: K124_ASCM
      - NodeName: NEO
  - message_id:
      Standard: 715
    transmitter:
      - NodeName: NEO
      - NodeName: K124_ASCM
comments:
  - Node:
      name: K16_BECM
      comment: Battery Energy Control Module
  - Node:
      name: K73_TCIC
      comment: Telematics Communication Control Module
  - Node:
      name: K9_BCM
      comment: Body Control Module
  - Node:
      name: K43_PSCM
      comment: Power Steering Control Module
  - Node:
      name: K17_EBCM
      comment: Electronic Brake Control Module
  - Node:
      name: K20_ECM
      comment: Engine Control Module
  - Node:
      name: K114B_HPCM
      comment: Hybrid Powertrain Control Module
  - Node:
      name: NEO
      comment: Comma NEO
  - Node:
      name: K124_ASCM
      comment: Active Safety Control Module
  - Signal:
      message_id:
        Standard: 381
      name: MSG17D_AccPower
      comment: Need to investigate
  - Signal:
      message_id:
        Standard: 190
      name: GasPedalAndAcc
      comment: ACC baseline is 62
  - Signal:
      message_id:
        Standard: 451
      name: GasPedalAndAcc2
      comment: ACC baseline is 62
  - Signal:
      message_id:
        Standard: 715
      name: RollingCounter2
      comment: "Values cycle between 0, 7, 10, 13"
attribute_definitions:
  - Plain: "\"UseGMParameterIDs\" INT 0 0"
  - Plain: "\"ProtocolType\" STRING"
  - Plain: "\"BusType\" STRING"
attribute_defaults:
  - name: UseGMParameterIDs
    value:
      Double: 1
  - name: ProtocolType
    value:
      String: GMLAN
  - name: BusType
    value:
      String: ""
attribute_values:
  - name: BusType
    value:
      Raw:
        String: CAN
  - name: ProtocolType
    value:
      Raw:
        String: GMLAN
  - name: UseGMParameterIDs
    value:
      Raw:
        Double: 0
value_descriptions:
  - Signal:
      message_id:
        Standard: 481
      name: DistanceButton
      value_descriptions:
        - id: 1
          description: Active
        - id: 0
          description: Inactive
  - Signal:
      message_id:
        Standard: 481
      name: LKAButton
      value_descriptions:
        - id: 1
          description: Active
        - id: 0
          description: Inactive
  - Signal:
      message_id:
        Standard: 481
      name: ACCButtons
      value_descriptions:
        - id: 6
          description: Cancel
        - id: 5
          description: Main
        - id: 3
          description: Set
        - id: 2
          description: Resume
        - id: 1
          description: None
  - Signal:
      message_id:
        Standard: 309
      name: PRNDL
      value_descriptions:
        - id: 3
          description: Reverse
        - id: 2
          description: Drive
        - id: 1
          description: Neutral
        - id: 0
          description: Park
  - Signal:
      message_id:
        Standard: 338
      name: LKASteeringCmdActive
      value_descriptions:
        - id: 1
          description: Active
        - id: 0
          description: Inactive
  - Signal:
      message_id:
        Standard: 338
      name: LKASMode
      value_descriptions:
        - id: 2
          description: supercruise
        - id: 1
          description: lkas
        - id: 0
          description: Inactive
  - Signal:
      message_id:
        Standard: 880
      name: ACCLeadCar
      value_descriptions:
        - id: 1
          description: Present
        - id: 0
          description: Not Present
  - Signal:
      message_id:
        Standard: 880
      name: ACCGapLevel
      value_descriptions:
        - id: 3
          description: Far
        - id: 2
          description: Med
        - id: 1
          description: Near
        - id: 0
          description: Inactive
  - Signal:
      message_id:
        Standard: 880
      name: ACCResumeButton
      value_descriptions:
        - id: 1
          description: Pressed
        - id: 0
          description: Depressed
  - Signal:
      message_id:
        Standard: 880
      name: ACCCmdActive
      value_descriptions:
        - id: 1
          description: Active
        - id: 0
          description: Inactive
  - Signal:
      message_id:
        Standard: 356
      name: LKATorqueDeliveredStatus
      value_descriptions:
        - id: 7
          description: Override Fault
        - id: 6
          description: LKAS Fault but Responsive
        - id: 5
          description: TBD but Responsive
        - id: 4
          description: TBD but Responsive
        - id: 3
          description: Fault
        - id: 1
          description: Active
        - id: 0
          description: Inactive
  - Signal:
      message_id:
        Standard: 489
      name: BrakePedalPressed
      value_descriptions:
        - id: 1
          description: Pressed
        - id: 0
          description: Depressed
  - Signal:
      message_id:
        Standard: 715
      name: GasRegenCmdActiveInv
      value_descriptions:
        - id: 1
          description: Inactive
        - id: 0
          description: Active
  - Signal:
      message_id:
        Standard: 715
      name: GasRegenCmdActive
      value_descriptions:
        - id: 1
          description: Active
        - id: 0
          description: Inactive
