---
source: tests/snapshots.rs
---
version: ""
new_symbols:
  - NS_DESC_
  - CM_
  - BA_DEF_
  - BA_
  - VAL_
  - CAT_DEF_
  - CAT_
  - FILTER
  - BA_DEF_DEF_
  - EV_DATA_
  - ENVVAR_DATA_
  - SGTYPE_
  - SGTYPE_VAL_
  - BA_DEF_SGTYPE_
  - BA_SGTYPE_
  - SIG_TYPE_REF_
  - VAL_TABLE_
  - SIG_GROUP_
  - SIG_VALTYPE_
  - SIGTYPE_VALTYPE_
  - BO_TX_BU_
  - BA_DEF_REL_
  - BA_REL_
  - BA_DEF_DEF_REL_
  - BU_SG_REL_
  - BU_EV_REL_
  - BU_BO_REL_
  - SG_MUL_VAL_
bit_timing: []
nodes:
  - K1_APM
messages:
  - id:
      Standard: 470
    name: APM_Stats
    size: 7
    transmitter:
      NodeName: K1_APM
    signals:
      - name: APM_Low_Voltage_Sensed
        multiplexer_indicator: Plain
        start_bit: 16
        size: 8
        byte_order: LittleEndian
        value_type: Unsigned
        factor: 0.0787402
        offset: 0
        min: 0
        max: 0
        unit: V
        receivers:
          - Vector__XXX
      - name: APM_Temperature_1
        multiplexer_indicator: Plain
        start_bit: 24
        size: 8
        byte_order: LittleEndian
        value_type: Unsigned
        factor: 1
        offset: -40
        min: 0
        max: 0
        unit: C
        receivers:
          - Vector__XXX
      - name: APM_Temperature_2
        multiplexer_indicator: Plain
        start_bit: 32
        size: 8
        byte_order: LittleEndian
        value_type: Unsigned
        factor: 1
        offset: -40
        min: 0
        max: 0
        unit: C
        receivers:
          - Vector__XXX
      - name: APM_Low_Voltage_Current_Output
        multiplexer_indicator: Plain
        start_bit: 40
        size: 8
        byte_order: LittleEndian
        value_type: Signed
        factor: 1
        offset: 0
        min: 0
        max: 0
        unit: A
        receivers:
          - Vector__XXX
      - name: APM_Status
        multiplexer_indicator: Plain
        start_bit: 7
        size: 8
        byte_order: BigEndian
        value_type: Unsigned
        factor: 1
        offset: 0
        min: 0
        max: 0
        unit: ""
        receivers:
          - Vector__XXX
      - name: APM_High_Voltage_Input_Current
        multiplexer_indicator: Plain
        start_bit: 8
        size: 8
        byte_order: LittleEndian
        value_type: Signed
        factor: 0.15
        offset: -7
        min: 0
        max: 0
        unit: A
        receivers:
          - Vector__XXX
      - name: APM_Counter
        multiplexer_indicator: Plain
        start_bit: 48
        size: 8
        byte_order: LittleEndian
        value_type: Unsigned
        factor: 1
        offset: 0
        min: 0
        max: 0
        unit: ""
        receivers:
          - Vector__XXX
  - id:
      Standard: 468
    name: APM_Command
    size: 2
    transmitter:
      NodeName: K1_APM
    signals:
      - name: APM_Status
        multiplexer_indicator: Plain
        start_bit: 0
        size: 8
        byte_order: LittleEndian
        value_type: Unsigned
        factor: 1
        offset: 0
        min: 0
        max: 0
        unit: ""
        receivers:
          - Vector__XXX
      - name: APM_Voltage_Requested
        multiplexer_indicator: Plain
        start_bit: 8
        size: 8
        byte_order: LittleEndian
        value_type: Unsigned
        factor: 0.0787402
        offset: 0
        min: 0
        max: 0
        unit: V
        receivers:
          - Vector__XXX
comments:
  - Node:
      name: K1_APM
      comment: 14V Power Module
attribute_definitions:
  - Message: "\"GenMsgBackgroundColor\" STRING"
  - Message: "\"GenMsgForegroundColor\" STRING"
  - Message: "\"isj1939dbc\" INT 0 0"
attribute_defaults:
  - name: GenMsgBackgroundColor
    value:
      String: "#ffffff"
  - name: GenMsgForegroundColor
    value:
      String: "#000000"
  - name: isj1939dbc
    value:
      Double: 0
value_descriptions:
  - Signal:
      message_id:
        Standard: 468
      name: APM_Status
      value_descriptions:
        - id: 0
          description: "Off"
        - id: 160
          description: "On"
