---
source: tests/snapshots.rs
---
version: ParkAssistCAN
new_symbols:
  - NS_DESC_
  - CM_
  - BA_DEF_
  - BA_
  - VAL_
  - CAT_DEF_
  - CAT_
  - FILTER
  - BA_DEF_DEF_
  - EV_DATA_
  - ENVVAR_DATA_
  - SGTYPE_
  - SGTYPE_VAL_
  - BA_DEF_SGTYPE_
  - BA_SGTYPE_
  - SIG_TYPE_REF_
  - VAL_TABLE_
  - SIG_GROUP_
  - SIG_VALTYPE_
  - SIGTYPE_VALTYPE_
  - BO_TX_BU_
  - BA_DEF_REL_
  - BA_REL_
  - BA_DEF_DEF_REL_
  - BU_SG_REL_
  - BU_EV_REL_
  - BU_BO_REL_
  - SG_MUL_VAL_
bit_timing: []
nodes:
  - ACM
  - CGM
  - EPAS_P
  - ESP
  - IBM
  - OCS
  - RCM
  - SAS
  - TestTool
  - VDM
  - Vector_XXX
messages:
  - id:
      Standard: 794
    name: WheelButtons
    size: 7
    transmitter:
      NodeName: XXX
    signals:
      - name: LeftButton_ScrollClick
        multiplexer_indicator: Plain
        start_bit: 19
        size: 2
        byte_order: BigEndian
        value_type: Unsigned
        factor: 1
        offset: 0
        min: 0
        max: 3
        unit: ""
        receivers:
          - XXX
      - name: LeftButton_RightClick
        multiplexer_indicator: Plain
        start_bit: 21
        size: 2
        byte_order: BigEndian
        value_type: Unsigned
        factor: 1
        offset: 0
        min: 0
        max: 3
        unit: ""
        receivers:
          - XXX
      - name: LeftButton_LeftClick
        multiplexer_indicator: Plain
        start_bit: 22
        size: 2
        byte_order: LittleEndian
        value_type: Unsigned
        factor: 1
        offset: 0
        min: 0
        max: 3
        unit: ""
        receivers:
          - XXX
      - name: LeftButton_Scroll
        multiplexer_indicator: Plain
        start_bit: 31
        size: 8
        byte_order: BigEndian
        value_type: Unsigned
        factor: 1
        offset: 0
        min: 0
        max: 255
        unit: ""
        receivers:
          - XXX
      - name: RightButton_ScrollClick
        multiplexer_indicator: Plain
        start_bit: 35
        size: 2
        byte_order: BigEndian
        value_type: Unsigned
        factor: 1
        offset: 0
        min: 0
        max: 3
        unit: ""
        receivers:
          - XXX
      - name: RightButton_RightClick
        multiplexer_indicator: Plain
        start_bit: 37
        size: 2
        byte_order: BigEndian
        value_type: Unsigned
        factor: 1
        offset: 0
        min: 0
        max: 3
        unit: ""
        receivers:
          - XXX
      - name: RightButton_LeftClick
        multiplexer_indicator: Plain
        start_bit: 38
        size: 2
        byte_order: LittleEndian
        value_type: Unsigned
        factor: 1
        offset: 0
        min: 0
        max: 3
        unit: ""
        receivers:
          - XXX
      - name: RightButton_Scroll
        multiplexer_indicator: Plain
        start_bit: 47
        size: 8
        byte_order: BigEndian
        value_type: Unsigned
        factor: 1
        offset: 0
        min: 0
        max: 255
        unit: ""
        receivers:
          - XXX
  - id:
      Standard: 848
    name: BSM_BlindSpotIndicator
    size: 4
    transmitter:
      NodeName: XXX
    signals:
      - name: BSM_BlindSpotIndicator_Checksum
        multiplexer_indicator: Plain
        start_bit: 0
        size: 8
        byte_order: LittleEndian
        value_type: Unsigned
        factor: 1
        offset: 0
        min: 0
        max: 255
        unit: ""
        receivers:
          - XXX
      - name: BSM_BlindSpotIndicator_Counter
        multiplexer_indicator: Plain
        start_bit: 11
        size: 4
        byte_order: BigEndian
        value_type: Unsigned
        factor: 1
        offset: 0
        min: 0
        max: 15
        unit: ""
        receivers:
          - XXX
      - name: BSM_BlindSpotIndicator_Left
        multiplexer_indicator: Plain
        start_bit: 29
        size: 2
        byte_order: BigEndian
        value_type: Unsigned
        factor: 1
        offset: 0
        min: 0
        max: 3
        unit: ""
        receivers:
          - XXX
      - name: BSM_BlindSpotIndicator_Right
        multiplexer_indicator: Plain
        start_bit: 30
        size: 2
        byte_order: LittleEndian
        value_type: Unsigned
        factor: 1
        offset: 0
        min: 0
        max: 3
        unit: ""
        receivers:
          - XXX
value_descriptions:
  - Signal:
      message_id:
        Standard: 848
      name: BSM_BlindSpotIndicator_Left
      value_descriptions:
        - id: 0
          description: "OFF"
        - id: 1
          description: OBJECT_DETECTED
        - id: 2
          description: ACTIVE_WARNING
  - Signal:
      message_id:
        Standard: 848
      name: BSM_BlindSpotIndicator_Right
      value_descriptions:
        - id: 0
          description: "OFF"
        - id: 1
          description: OBJECT_DETECTED
        - id: 2
          description: ACTIVE_WARNING
