---
source: tests/snapshots.rs
---
version: ""
bit_timing: ~
messages:
  - id:
      Standard: 359
    name: STEERING_IPAS_COMMA
    size: 8
    transmitter:
      NodeName: IPAS
    signals:
      - name: STATE
        multiplexer_indicator: Plain
        start_bit: 7
        size: 4
        byte_order: BigEndian
        value_type: Unsigned
        factor: 1
        offset: 0
        min: 0
        max: 15
        unit: ""
        receivers:
          - XXX
      - name: ANGLE
        multiplexer_indicator: Plain
        start_bit: 3
        size: 12
        byte_order: BigEndian
        value_type: Signed
        factor: 1.5
        offset: 0
        min: -510
        max: 510
        unit: deg
        receivers:
          - XXX
      - name: SET_ME_X10
        multiplexer_indicator: Plain
        start_bit: 23
        size: 8
        byte_order: BigEndian
        value_type: Unsigned
        factor: 1
        offset: 0
        min: 0
        max: 255
        unit: ""
        receivers:
          - XXX
      - name: SET_ME_X00
        multiplexer_indicator: Plain
        start_bit: 31
        size: 8
        byte_order: BigEndian
        value_type: Unsigned
        factor: 1
        offset: 0
        min: 0
        max: 255
        unit: ""
        receivers:
          - XXX
      - name: DIRECTION_CMD
        multiplexer_indicator: Plain
        start_bit: 38
        size: 2
        byte_order: BigEndian
        value_type: Unsigned
        factor: 1
        offset: 0
        min: 0
        max: 3
        unit: ""
        receivers:
          - XXX
      - name: SET_ME_X40
        multiplexer_indicator: Plain
        start_bit: 47
        size: 8
        byte_order: BigEndian
        value_type: Unsigned
        factor: 1
        offset: 0
        min: 0
        max: 255
        unit: ""
        receivers:
          - XXX
      - name: SET_ME_X00_1
        multiplexer_indicator: Plain
        start_bit: 55
        size: 8
        byte_order: BigEndian
        value_type: Unsigned
        factor: 1
        offset: 0
        min: 0
        max: 255
        unit: ""
        receivers:
          - XXX
      - name: CHECKSUM
        multiplexer_indicator: Plain
        start_bit: 63
        size: 8
        byte_order: BigEndian
        value_type: Unsigned
        factor: 1
        offset: 0
        min: 0
        max: 255
        unit: ""
        receivers:
          - XXX
  - id:
      Standard: 512
    name: GAS_COMMAND
    size: 6
    transmitter:
      NodeName: EON
    signals:
      - name: GAS_COMMAND
        multiplexer_indicator: Plain
        start_bit: 7
        size: 16
        byte_order: BigEndian
        value_type: Unsigned
        factor: 0.159375
        offset: -75.555
        min: 0
        max: 1
        unit: ""
        receivers:
          - INTERCEPTOR
      - name: GAS_COMMAND2
        multiplexer_indicator: Plain
        start_bit: 23
        size: 16
        byte_order: BigEndian
        value_type: Unsigned
        factor: 0.159375
        offset: -151.111
        min: 0
        max: 1
        unit: ""
        receivers:
          - INTERCEPTOR
      - name: ENABLE
        multiplexer_indicator: Plain
        start_bit: 39
        size: 1
        byte_order: BigEndian
        value_type: Unsigned
        factor: 1
        offset: 0
        min: 0
        max: 1
        unit: ""
        receivers:
          - INTERCEPTOR
      - name: COUNTER_PEDAL
        multiplexer_indicator: Plain
        start_bit: 35
        size: 4
        byte_order: BigEndian
        value_type: Unsigned
        factor: 1
        offset: 0
        min: 0
        max: 15
        unit: ""
        receivers:
          - INTERCEPTOR
      - name: CHECKSUM_PEDAL
        multiplexer_indicator: Plain
        start_bit: 47
        size: 8
        byte_order: BigEndian
        value_type: Unsigned
        factor: 1
        offset: 0
        min: 0
        max: 255
        unit: ""
        receivers:
          - INTERCEPTOR
  - id:
      Standard: 513
    name: GAS_SENSOR
    size: 6
    transmitter:
      NodeName: INTERCEPTOR
    signals:
      - name: INTERCEPTOR_GAS
        multiplexer_indicator: Plain
        start_bit: 7
        size: 16
        byte_order: BigEndian
        value_type: Unsigned
        factor: 1
        offset: 0
        min: 0
        max: 1
        unit: ""
        receivers:
          - EON
      - name: INTERCEPTOR_GAS2
        multiplexer_indicator: Plain
        start_bit: 23
        size: 16
        byte_order: BigEndian
        value_type: Unsigned
        factor: 1
        offset: 0
        min: 0
        max: 1
        unit: ""
        receivers:
          - EON
      - name: STATE
        multiplexer_indicator: Plain
        start_bit: 39
        size: 4
        byte_order: BigEndian
        value_type: Unsigned
        factor: 1
        offset: 0
        min: 0
        max: 15
        unit: ""
        receivers:
          - EON
      - name: COUNTER_PEDAL
        multiplexer_indicator: Plain
        start_bit: 35
        size: 4
        byte_order: BigEndian
        value_type: Unsigned
        factor: 1
        offset: 0
        min: 0
        max: 15
        unit: ""
        receivers:
          - EON
      - name: CHECKSUM_PEDAL
        multiplexer_indicator: Plain
        start_bit: 47
        size: 8
        byte_order: BigEndian
        value_type: Unsigned
        factor: 1
        offset: 0
        min: 0
        max: 255
        unit: ""
        receivers:
          - EON
  - id:
      Standard: 35
    name: SECONDARY_STEER_ANGLE
    size: 8
    transmitter:
      NodeName: XXX
    signals:
      - name: ZORRO_STEER
        multiplexer_indicator: Plain
        start_bit: 7
        size: 24
        byte_order: BigEndian
        value_type: Signed
        factor: 0.004901594652
        offset: 0
        min: -500
        max: 500
        unit: ""
        receivers:
          - XXX
  - id:
      Standard: 767
    name: SDSU
    size: 8
    transmitter:
      NodeName: XXX
    signals:
      - name: FD_BUTTON
        multiplexer_indicator: Plain
        start_bit: 7
        size: 1
        byte_order: BigEndian
        value_type: Unsigned
        factor: 1
        offset: 0
        min: 0
        max: 1
        unit: ""
        receivers:
          - XXX
      - name: STATE
        multiplexer_indicator: Plain
        start_bit: 23
        size: 4
        byte_order: BigEndian
        value_type: Unsigned
        factor: 1
        offset: 0
        min: 0
        max: 15
        unit: ""
        receivers:
          - XXX
comments:
  - Plain:
      comment: "BO_ STEERING_IPAS_COMMA: Copy of msg 614 so we can do angle control while the Park Assist ECU is connected (Panda spoofs 614 with 359 on connector J70). Note that addresses 0x266 and 0x167 are checksum-invariant"
  - Plain:
      comment: "BO_ SECONDARY_STEER_ANGLE: ZSS is a high-precision steering angle sensor that can replace the lower resolution sensor in most TSS1 Toyotas. Learn more: https://github.com/commaai/openpilot/wiki/Toyota-Lexus#zorro-steering-sensor-zss"
  - Plain:
      comment: "BO_ SDSU: The sDSU is a modified DSU for use in TSS-P Toyotas. Learn more: https://github.com/RetroPilot/ocelot/tree/main/firmware/smart_dsu"
  - Signal:
      message_id:
        Standard: 767
      name: FD_BUTTON
      comment: The follow distance button signal as forwarded by the sdsu
value_descriptions:
  - Signal:
      message_id:
        Standard: 513
      name: STATE
      value_descriptions:
        - id: 5
          description: FAULT_TIMEOUT
        - id: 4
          description: FAULT_STARTUP
        - id: 3
          description: FAULT_SCE
        - id: 2
          description: FAULT_SEND
        - id: 1
          description: FAULT_BAD_CHECKSUM
        - id: 0
          description: NO_FAULT
  - Signal:
      message_id:
        Standard: 767
      name: STATE
      value_descriptions:
        - id: 7
          description: STATE_AEB_CTRL
        - id: 6
          description: FAULT_INVALID
        - id: 5
          description: FAULT_TIMEOUT
        - id: 4
          description: FAULT_STARTUP
        - id: 3
          description: FAULT_SCE
        - id: 2
          description: FAULT_SEND
        - id: 1
          description: FAULT_BAD_CHECKSUM
        - id: 0
          description: NO_FAULT
