---
source: tests/test-snapshots.rs
---
Nom(
    Error(
        Error {
            input: "// A comment.\n\nVERSION \"2.0\" // Another comment.\n\n\nNS_ : \n\tNS_DESC_\n\tCM_\n\tBA_DEF_\n\tBA_\n\tVAL_\n\tCAT_DEF_\n\tCAT_\n\tFILTER\n\tBA_DEF_DEF_\n\tEV_DATA_\n\tENVVAR_DATA_\n\tSGTYPE_\n\tSGTYPE_VAL_\n\tBA_DEF_SGTYPE_\n\tBA_SGTYPE_\n\tSIG_TYPE_REF_\n\tVAL_TABLE_\n\tSIG_GROUP_\n\tSIG_VALTYPE_\n\tSIGTYPE_VALTYPE_\n\tBO_TX_BU_\n\tBA_DEF_REL_\n\tBA_REL_\n\tBA_DEF_DEF_REL_\n\tBU_SG_REL_\n\tBU_EV_REL_\n\tBU_BO_REL_\n\tSG_MUL_VAL_\n\nBS_:\n\nBU_: FOO BAR FIE FUM\nVAL_TABLE_ State 1 \"Enabled\" 0 \"Disabled\" ;\n\n\nBO_ 2147558192 Foo: 8 FOO\n SG_ Foo : 0|12@0- (0.01,250) [229.53|270.47] \"degK\"  BAR\n SG_ Bar : 24|32@0- (0.1,0) [0|5] \"m\"  FOO\n\nBO_ 2147558193 Fum: 5 FOO\n SG_ Fum : 0|12@1- (1,0) [0|10] \"\"  BAR\n SG_ Fam : 12|12@1- (1,0) [0|8] \"\"  BAR\n\nBO_ 2147558194 Bar: 4 FOO\n SG_ Binary32 : 0|32@1- (1,0) [0|0] \"\"  FUM\n\nBO_ 2147558195 CanFd: 64 FOO\n SG_ Fie : 0|64@1+ (1,0) [0|0] \"\"  FUM\n SG_ Fas : 64|64@1+ (1,0) [0|0] \"\" Vector__XXX\n\nBO_ 780 FOOBAR: 8 FIE\n SG_ ACC_02_CRC : 0|12@1- (1,0) [0|1] \"\"  BAR\n\nBO_TX_BU_ 2147558194 : FOO,BAR;\n\n\nCM_ BU_ BAR \"fam \\\"1\\\"\";\nCM_ BO_ 2147558192 \"Foo.\";\nCM_ SG_ 2147558192 Bar \"Bar.\";\nBA_DEF_  \"DBName\" STRING ;\nBA_DEF_  \"Baudrate\" INT 0 1000000;\nBA_DEF_  \"AFloat\" FLOAT 0 100;\nBA_DEF_  \"BusType\" STRING ;\nBA_DEF_ BU_  \"FOO\" INT 0 100;\nBA_DEF_ BU_  \"BAR\" STRING ;\nBA_DEF_ BO_  \"VFrameFormat\" ENUM  \"StandardCAN\",\"ExtendedCAN\",\"reserved\",\"reserved\",\"reserved\",\"reserved\",\"reserved\",\"reserved\",\"reserved\",\"reserved\",\"reserved\",\"reserved\",\"reserved\",\"reserved\",\"StandardCAN_FD\",\"ExtendedCAN_FD\";\nBA_DEF_ BO_  \"GenMsgStartValue\" STRING ;\nBA_DEF_ BO_  \"GenMsgCycleTime\" INT 0 1000;\nBA_DEF_REL_ BU_SG_REL_  \"AFloat2\" FLOAT 0 65535;\nBA_DEF_REL_ BU_SG_REL_  \"GenSigTimeoutTime\" INT 0 65535;\nBA_DEF_REL_ BU_SG_REL_  \"GenSigRespComment\" STRING ;\nBA_DEF_DEF_  \"DBName\" \"\";\nBA_DEF_DEF_  \"Baudrate\" 125000;\nBA_DEF_DEF_  \"AFloat\" 0;\nBA_DEF_DEF_  \"BusType\" \"\";\nBA_DEF_DEF_  \"FOO\" 0;\nBA_DEF_DEF_  \"BAR\" \"\";\nBA_DEF_DEF_  \"VFrameFormat\" \"ExtendedCAN_FD\";\nBA_DEF_DEF_  \"GenMsgStartValue\" \"\";\nBA_DEF_DEF_  \"GenMsgCycleTime\" 100;\nBA_DEF_DEF_REL_ \"AFloat2\" 0;\nBA_DEF_DEF_REL_ \"GenSigTimeoutTime\" 0;\nBA_ \"DBName\" \"TheBusName\";\nBA_ \"Baudrate\" 125000;\nBA_ \"AFloat\" 33.5;\nBA_ \"BusType\" \"CAN FD\";\nBA_ \"BAR\" BU_ FIE \"FUM\";\nBA_ \"FOO\" BU_ FIE 1;\nBA_ \"VFrameFormat\" BO_ 2147558192 1;\nBA_ \"VFrameFormat\" BO_ 2147558193 1;\nBA_ \"GenMsgCycleTime\" BO_ 2147558193 1;\nBA_ \"VFrameFormat\" BO_ 2147558194 1;\nBA_ \"VFrameFormat\" BO_ 2147558195 15;\nBA_ \"VFrameFormat\" BO_ 780 0;\nBA_REL_ \"GenSigTimeoutTime\" BU_SG_REL_ FOO SG_ 2147558192 Bar 200;\nBA_REL_ \"AFloat2\" BU_SG_REL_ FOO SG_ 2147558192 Bar 500;\nVAL_ 2147558193 Fam 1 \"Enabled\" 0 \"Disabled\" ;\nSIG_GROUP_ 2147558193 SigGroupName 1 : Fam Fum;\nSIG_VALTYPE_ 2147558192 Bar : 1;\nSIG_VALTYPE_ 2147558194 Binary32 : 1;\n\n",
            code: Tag,
        },
    ),
)
