---
source: tests/test-snapshots.rs
---
version: ""
new_symbols:
  - NS_DESC_
  - CM_
  - BA_DEF_
  - BA_
  - VAL_
  - CAT_DEF_
  - CAT_
  - FILTER
  - BA_DEF_DEF_
  - EV_DATA_
  - ENVVAR_DATA_
  - SGTYPE_
  - SGTYPE_VAL_
  - BA_DEF_SGTYPE_
  - BA_SGTYPE_
  - SIG_TYPE_REF_
  - VAL_TABLE_
  - SIG_GROUP_
  - SIG_VALTYPE_
  - SIGTYPE_VALTYPE_
  - BO_TX_BU_
  - BA_DEF_REL_
  - BA_REL_
  - BA_DEF_DEF_REL_
  - BU_SG_REL_
  - BU_EV_REL_
  - BU_BO_REL_
  - SG_MUL_VAL_
bit_timing: []
nodes:
  - []
value_tables: []
messages:
  - message_id:
      Extended: 3
    message_name: TestMsg_Ex
    message_size: 8
    transmitter: VectorXXX
    signals:
      - name: TestSig_Copy_1
        multiplexer_indicator: Plain
        start_bit: 0
        signal_size: 8
        byte_order: LittleEndian
        value_type: Signed
        factor: 1
        offset: 0
        min: 0
        max: 0
        unit: ""
        receivers:
          - Vector__XXX
  - message_id:
      Standard: 2
    message_name: TestMsg_Std
    message_size: 8
    transmitter: VectorXXX
    signals:
      - name: TestSig_Copy_3
        multiplexer_indicator: Plain
        start_bit: 0
        signal_size: 8
        byte_order: LittleEndian
        value_type: Signed
        factor: 1
        offset: 0
        min: 0
        max: 0
        unit: ""
        receivers:
          - Vector__XXX
  - message_id:
      Standard: 1
    message_name: TestMsg_FDStd
    message_size: 8
    transmitter: VectorXXX
    signals:
      - name: TestSig_Copy_2
        multiplexer_indicator: Plain
        start_bit: 0
        signal_size: 8
        byte_order: LittleEndian
        value_type: Signed
        factor: 1
        offset: 0
        min: 0
        max: 0
        unit: ""
        receivers:
          - Vector__XXX
  - message_id:
      Extended: 0
    message_name: TestMsg_FDEx
    message_size: 8
    transmitter: VectorXXX
    signals:
      - name: TestSig
        multiplexer_indicator: Plain
        start_bit: 0
        signal_size: 8
        byte_order: LittleEndian
        value_type: Signed
        factor: 1
        offset: 0
        min: 0
        max: 0
        unit: ""
        receivers:
          - Vector__XXX
message_transmitters: []
environment_variables: []
environment_variable_data: []
signal_types: []
comments: []
attribute_definitions:
  - Message: "\"CANFD_BRS\" ENUM  \"0\",\"1\""
  - Plain: "\"DBName\" STRING "
  - Plain: "\"BusType\" STRING "
  - Node: "\"NodeLayerModules\" STRING "
  - Node: "\"ECU\" STRING "
  - Node: "\"CANoeJitterMax\" INT 0 0"
  - Node: "\"CANoeJitterMin\" INT 0 0"
  - Node: "\"CANoeDrift\" INT 0 0"
  - Node: "\"CANoeStartDelay\" INT 0 0"
  - Message: "\"VFrameFormat\" ENUM  \"StandardCAN\",\"ExtendedCAN\",\"reserved\",\"reserved\",\"reserved\",\"reserved\",\"reserved\",\"reserved\",\"reserved\",\"reserved\",\"reserved\",\"reserved\",\"reserved\",\"reserved\",\"StandardCAN_FD\",\"ExtendedCAN_FD\""
attribute_defaults:
  - attribute_name: CANFD_BRS
    attribute_value:
      AttributeValueCharString: "1"
  - attribute_name: DBName
    attribute_value:
      AttributeValueCharString: ""
  - attribute_name: BusType
    attribute_value:
      AttributeValueCharString: ""
  - attribute_name: NodeLayerModules
    attribute_value:
      AttributeValueCharString: ""
  - attribute_name: ECU
    attribute_value:
      AttributeValueCharString: ""
  - attribute_name: CANoeJitterMax
    attribute_value:
      AttributeValueF64: 0
  - attribute_name: CANoeJitterMin
    attribute_value:
      AttributeValueF64: 0
  - attribute_name: CANoeDrift
    attribute_value:
      AttributeValueF64: 0
  - attribute_name: CANoeStartDelay
    attribute_value:
      AttributeValueF64: 0
  - attribute_name: VFrameFormat
    attribute_value:
      AttributeValueCharString: StandardCAN
attribute_values:
  - attribute_name: BusType
    attribute_value:
      RawAttributeValue:
        AttributeValueCharString: CAN FD
  - attribute_name: DBName
    attribute_value:
      RawAttributeValue:
        AttributeValueCharString: fd_test
  - attribute_name: VFrameFormat
    attribute_value:
      MessageDefinitionAttributeValue:
        - Extended: 3
        - AttributeValueF64: 1
  - attribute_name: VFrameFormat
    attribute_value:
      MessageDefinitionAttributeValue:
        - Standard: 1
        - AttributeValueF64: 14
  - attribute_name: VFrameFormat
    attribute_value:
      MessageDefinitionAttributeValue:
        - Extended: 0
        - AttributeValueF64: 15
value_descriptions: []
signal_type_refs: []
signal_groups: []
signal_extended_value_type_list: []
extended_multiplex: []
