---
source: tests/test-snapshots.rs
---
version: ""
new_symbols:
  - NS_DESC_
  - CM_
  - BA_DEF_
  - BA_
  - VAL_
  - CAT_DEF_
  - CAT_
  - FILTER
  - BA_DEF_DEF_
  - EV_DATA_
  - ENVVAR_DATA_
  - SGTYPE_
  - SGTYPE_VAL_
  - BA_DEF_SGTYPE_
  - BA_SGTYPE_
  - SIG_TYPE_REF_
  - VAL_TABLE_
  - SIG_GROUP_
  - SIG_VALTYPE_
  - SIGTYPE_VALTYPE_
  - BO_TX_BU_
  - BA_DEF_REL_
  - BA_REL_
  - BA_DEF_DEF_REL_
  - BU_SG_REL_
  - BU_EV_REL_
  - BU_BO_REL_
  - SG_MUL_VAL_
bit_timing: []
nodes:
  - - NN123456789012345678901234567890
    - N12345678901234567890123456_0000
    - N1234567890123456789012345678901
    - N12345678901234567890123456_0001
value_tables: []
messages:
  - message_id:
      Standard: 9
    message_name: SS123456789012345678901234587890
    message_size: 8
    transmitter: VectorXXX
    signals: []
  - message_id:
      Standard: 8
    message_name: SS1234567890123456789012345_0000
    message_size: 8
    transmitter: VectorXXX
    signals: []
  - message_id:
      Standard: 7
    message_name: SS1234567890123456789012345_0001
    message_size: 8
    transmitter: VectorXXX
    signals: []
  - message_id:
      Standard: 6
    message_name: SS123456789012345678901234577890
    message_size: 8
    transmitter: VectorXXX
    signals: []
  - message_id:
      Standard: 5
    message_name: SS123456789012345678901234567890
    message_size: 8
    transmitter: VectorXXX
    signals: []
  - message_id:
      Standard: 4
    message_name: S1234567890123456789012345678901
    message_size: 8
    transmitter: VectorXXX
    signals:
      - name: SS123456789012345678901234567890
        multiplexer_indicator: Plain
        start_bit: 0
        signal_size: 8
        byte_order: LittleEndian
        value_type: Signed
        factor: 1
        offset: 0
        min: 0
        max: 0
        unit: ""
        receivers:
          - Vector__XXX
  - message_id:
      Standard: 0
    message_name: M12345678901234567890123456_0000
    message_size: 8
    transmitter: VectorXXX
    signals:
      - name: SSS12345678901234567890123456789
        multiplexer_indicator: Plain
        start_bit: 0
        signal_size: 8
        byte_order: LittleEndian
        value_type: Signed
        factor: 1
        offset: 0
        min: 0
        max: 0
        unit: ""
        receivers:
          - Vector__XXX
  - message_id:
      Standard: 1
    message_name: M1234567890123456789012345678901
    message_size: 8
    transmitter:
      NodeName: N1234567890123456789012345678901
    signals:
      - name: SS1234567890123456789012345_0000
        multiplexer_indicator: Plain
        start_bit: 32
        signal_size: 8
        byte_order: LittleEndian
        value_type: Signed
        factor: 1
        offset: 0
        min: 0
        max: 0
        unit: ""
        receivers:
          - Vector__XXX
      - name: SS1234567890123456789012345_0001
        multiplexer_indicator: Plain
        start_bit: 24
        signal_size: 8
        byte_order: LittleEndian
        value_type: Signed
        factor: 1
        offset: 0
        min: 0
        max: 0
        unit: ""
        receivers:
          - Vector__XXX
      - name: SS1234567890123456789012345_0002
        multiplexer_indicator: Plain
        start_bit: 16
        signal_size: 8
        byte_order: LittleEndian
        value_type: Signed
        factor: 1
        offset: 0
        min: 0
        max: 0
        unit: ""
        receivers:
          - N12345678901234567890123456_0000
      - name: S12345678901234567890123456_0000
        multiplexer_indicator: Plain
        start_bit: 8
        signal_size: 8
        byte_order: LittleEndian
        value_type: Signed
        factor: 1
        offset: 0
        min: 0
        max: 0
        unit: ""
        receivers:
          - Vector__XXX
      - name: S1234567890123456789012345678901
        multiplexer_indicator: Plain
        start_bit: 0
        signal_size: 8
        byte_order: LittleEndian
        value_type: Signed
        factor: 1
        offset: 0
        min: 0
        max: 0
        unit: ""
        receivers:
          - Vector__XXX
  - message_id:
      Standard: 2
    message_name: M12345678901234567890123456_0001
    message_size: 8
    transmitter:
      NodeName: N12345678901234567890123456_0001
    signals:
      - name: SS1234567890123456789012345_0003
        multiplexer_indicator: Plain
        start_bit: 24
        signal_size: 8
        byte_order: LittleEndian
        value_type: Signed
        factor: 1
        offset: 0
        min: 0
        max: 0
        unit: ""
        receivers:
          - Vector__XXX
      - name: SS1234567890123456789012345_0004
        multiplexer_indicator: Plain
        start_bit: 16
        signal_size: 8
        byte_order: LittleEndian
        value_type: Signed
        factor: 1
        offset: 0
        min: 0
        max: 0
        unit: ""
        receivers:
          - Vector__XXX
      - name: S12345678901234567890123456_0001
        multiplexer_indicator: Plain
        start_bit: 8
        signal_size: 8
        byte_order: LittleEndian
        value_type: Signed
        factor: 1
        offset: 0
        min: 0
        max: 0
        unit: ""
        receivers:
          - Vector__XXX
      - name: S12345678901234567890123456_0002
        multiplexer_indicator: Plain
        start_bit: 0
        signal_size: 8
        byte_order: LittleEndian
        value_type: Signed
        factor: 1
        offset: 0
        min: 0
        max: 0
        unit: ""
        receivers:
          - Vector__XXX
  - message_id:
      Standard: 3
    message_name: MM123456789012345678901234567890
    message_size: 8
    transmitter: VectorXXX
    signals:
      - name: SSS123456789012345678901234_0000
        multiplexer_indicator: Plain
        start_bit: 8
        signal_size: 8
        byte_order: LittleEndian
        value_type: Signed
        factor: 1
        offset: 0
        min: 0
        max: 0
        unit: ""
        receivers:
          - Vector__XXX
      - name: SS1234567890123456789012345_0005
        multiplexer_indicator: Plain
        start_bit: 0
        signal_size: 8
        byte_order: LittleEndian
        value_type: Signed
        factor: 1
        offset: 0
        min: 0
        max: 0
        unit: ""
        receivers:
          - Vector__XXX
message_transmitters: []
environment_variables:
  - env_var_name: E12345678901234567890123456_0000
    env_var_type: EnvTypeFloat
    min: 0
    max: 0
    unit: ""
    initial_value: 0
    ev_id: 1
    access_type: DummyNodeVector0
    access_nodes:
      - AccessNodeName: Vector__XXX
  - env_var_name: E1234567890123456789012345678901
    env_var_type: EnvTypeFloat
    min: 0
    max: 0
    unit: ""
    initial_value: 0
    ev_id: 2
    access_type: DummyNodeVector0
    access_nodes:
      - AccessNodeName: Vector__XXX
environment_variable_data: []
signal_types: []
comments: []
attribute_definitions:
  - Plain: "\"BusType\" STRING "
  - Signal: "\"SystemSignalLongSymbol\" STRING "
  - Message: "\"SystemMessageLongSymbol\" STRING "
  - Node: "\"SystemNodeLongSymbol\" STRING "
  - EnvironmentVariable: "\"SystemEnvVarLongSymbol\" STRING "
attribute_defaults:
  - attribute_name: BusType
    attribute_value:
      AttributeValueCharString: ""
  - attribute_name: SystemSignalLongSymbol
    attribute_value:
      AttributeValueCharString: ""
  - attribute_name: SystemMessageLongSymbol
    attribute_value:
      AttributeValueCharString: ""
  - attribute_name: SystemNodeLongSymbol
    attribute_value:
      AttributeValueCharString: ""
  - attribute_name: SystemEnvVarLongSymbol
    attribute_value:
      AttributeValueCharString: ""
attribute_values:
  - attribute_name: SystemNodeLongSymbol
    attribute_value:
      NetworkNodeAttributeValue:
        - NN123456789012345678901234567890
        - AttributeValueCharString: NN123456789012345678901234567890123
  - attribute_name: SystemNodeLongSymbol
    attribute_value:
      NetworkNodeAttributeValue:
        - N12345678901234567890123456_0000
        - AttributeValueCharString: N123456789012345678901234567890123
  - attribute_name: SystemNodeLongSymbol
    attribute_value:
      NetworkNodeAttributeValue:
        - N12345678901234567890123456_0001
        - AttributeValueCharString: N12345678901234567890123456789012
  - attribute_name: SystemMessageLongSymbol
    attribute_value:
      MessageDefinitionAttributeValue:
        - Standard: 9
        - AttributeValueCharString: SS12345678901234567890123458789012345
  - attribute_name: SystemMessageLongSymbol
    attribute_value:
      MessageDefinitionAttributeValue:
        - Standard: 8
        - AttributeValueCharString: SS1234567890123456789012345778901
  - attribute_name: SystemMessageLongSymbol
    attribute_value:
      MessageDefinitionAttributeValue:
        - Standard: 7
        - AttributeValueCharString: SS1234567890123456789012345878901234
  - attribute_name: SystemMessageLongSymbol
    attribute_value:
      MessageDefinitionAttributeValue:
        - Standard: 5
        - AttributeValueCharString: SS12345678901234567890123456789012
  - attribute_name: SystemMessageLongSymbol
    attribute_value:
      MessageDefinitionAttributeValue:
        - Standard: 4
        - AttributeValueCharString: S12345678901234567890123456789012
  - attribute_name: SystemMessageLongSymbol
    attribute_value:
      MessageDefinitionAttributeValue:
        - Standard: 0
        - AttributeValueCharString: M123456789012345678901234567890123
  - attribute_name: SystemMessageLongSymbol
    attribute_value:
      MessageDefinitionAttributeValue:
        - Standard: 2
        - AttributeValueCharString: M12345678901234567890123456789012
  - attribute_name: SystemMessageLongSymbol
    attribute_value:
      MessageDefinitionAttributeValue:
        - Standard: 3
        - AttributeValueCharString: MM12345678901234567890123456789012
  - attribute_name: SystemSignalLongSymbol
    attribute_value:
      SignalAttributeValue:
        - Standard: 4
        - SS123456789012345678901234567890
        - AttributeValueCharString: SS12345678901234567890123456789012
  - attribute_name: SystemSignalLongSymbol
    attribute_value:
      SignalAttributeValue:
        - Standard: 0
        - SSS12345678901234567890123456789
        - AttributeValueCharString: SSS12345678901234567890123456789012
  - attribute_name: SystemSignalLongSymbol
    attribute_value:
      SignalAttributeValue:
        - Standard: 1
        - SS1234567890123456789012345_0000
        - AttributeValueCharString: SS12345678901234567890123456789012332
  - attribute_name: SystemSignalLongSymbol
    attribute_value:
      SignalAttributeValue:
        - Standard: 1
        - SS1234567890123456789012345_0001
        - AttributeValueCharString: SS1234567890123456789012345678901233
  - attribute_name: SystemSignalLongSymbol
    attribute_value:
      SignalAttributeValue:
        - Standard: 1
        - SS1234567890123456789012345_0002
        - AttributeValueCharString: SS12345678901234567890123456789012
  - attribute_name: SystemSignalLongSymbol
    attribute_value:
      SignalAttributeValue:
        - Standard: 1
        - S12345678901234567890123456_0000
        - AttributeValueCharString: S123456789012345678901234567890123
  - attribute_name: SystemSignalLongSymbol
    attribute_value:
      SignalAttributeValue:
        - Standard: 2
        - SS1234567890123456789012345_0003
        - AttributeValueCharString: SS12345678901234567890123456789012dw
  - attribute_name: SystemSignalLongSymbol
    attribute_value:
      SignalAttributeValue:
        - Standard: 2
        - SS1234567890123456789012345_0004
        - AttributeValueCharString: SS12345678901234567890123456789012
  - attribute_name: SystemSignalLongSymbol
    attribute_value:
      SignalAttributeValue:
        - Standard: 2
        - S12345678901234567890123456_0001
        - AttributeValueCharString: S12345678901234567890123456789012
  - attribute_name: SystemSignalLongSymbol
    attribute_value:
      SignalAttributeValue:
        - Standard: 2
        - S12345678901234567890123456_0002
        - AttributeValueCharString: S123456789012345678901234567890123
  - attribute_name: SystemSignalLongSymbol
    attribute_value:
      SignalAttributeValue:
        - Standard: 3
        - SSS123456789012345678901234_0000
        - AttributeValueCharString: SSS12345678901234567890123456789012
  - attribute_name: SystemSignalLongSymbol
    attribute_value:
      SignalAttributeValue:
        - Standard: 3
        - SS1234567890123456789012345_0005
        - AttributeValueCharString: SS1234567890123456789012345678901233
  - attribute_name: SystemEnvVarLongSymbol
    attribute_value:
      EnvVariableAttributeValue:
        - E12345678901234567890123456_0000
        - AttributeValueCharString: E12345678901234567890123456789012
value_descriptions: []
signal_type_refs: []
signal_groups:
  - message_id:
      Standard: 3
    signal_group_name: SS1234_sg
    repetitions: 1
    signal_names:
      - SS1234567890123456789012345_0005
      - SSS123456789012345678901234_0000
signal_extended_value_type_list: []
extended_multiplex: []
