---
source: tests/test-snapshots.rs
---
version: ""
new_symbols:
  - NS_DESC_
  - CM_
  - BA_DEF_
  - BA_
  - VAL_
  - CAT_DEF_
  - CAT_
  - FILTER
  - BA_DEF_DEF_
  - EV_DATA_
  - ENVVAR_DATA_
  - SGTYPE_
  - SGTYPE_VAL_
  - BA_DEF_SGTYPE_
  - BA_SGTYPE_
  - SIG_TYPE_REF_
  - VAL_TABLE_
  - SIG_GROUP_
  - SIG_VALTYPE_
  - SIGTYPE_VALTYPE_
bit_timing: []
nodes:
  - - BMS
value_tables: []
messages:
  - message_id:
      Standard: 1025
    message_name: BATTERY_VT
    message_size: 6
    transmitter:
      NodeName: BMS
    signals:
      - name: MODULE_TEMP_35
        multiplexer_indicator:
          MultiplexedSignal: 35
        start_bit: 32
        signal_size: 16
        byte_order: LittleEndian
        value_type: Unsigned
        factor: 1
        offset: 0
        min: 0
        max: 0
        unit: ""
        receivers:
          - Vector__XXX
      - name: MODULE_TEMP_34
        multiplexer_indicator:
          MultiplexedSignal: 34
        start_bit: 32
        signal_size: 16
        byte_order: LittleEndian
        value_type: Unsigned
        factor: 1
        offset: 0
        min: 0
        max: 0
        unit: ""
        receivers:
          - Vector__XXX
      - name: MODULE_TEMP_33
        multiplexer_indicator:
          MultiplexedSignal: 33
        start_bit: 32
        signal_size: 16
        byte_order: LittleEndian
        value_type: Unsigned
        factor: 1
        offset: 0
        min: 0
        max: 0
        unit: ""
        receivers:
          - Vector__XXX
      - name: MODULE_TEMP_32
        multiplexer_indicator:
          MultiplexedSignal: 32
        start_bit: 32
        signal_size: 16
        byte_order: LittleEndian
        value_type: Unsigned
        factor: 1
        offset: 0
        min: 0
        max: 0
        unit: ""
        receivers:
          - Vector__XXX
      - name: MODULE_TEMP_31
        multiplexer_indicator:
          MultiplexedSignal: 31
        start_bit: 32
        signal_size: 16
        byte_order: LittleEndian
        value_type: Unsigned
        factor: 1
        offset: 0
        min: 0
        max: 0
        unit: ""
        receivers:
          - Vector__XXX
      - name: MODULE_TEMP_30
        multiplexer_indicator:
          MultiplexedSignal: 30
        start_bit: 32
        signal_size: 16
        byte_order: LittleEndian
        value_type: Unsigned
        factor: 1
        offset: 0
        min: 0
        max: 0
        unit: ""
        receivers:
          - Vector__XXX
      - name: MODULE_TEMP_29
        multiplexer_indicator:
          MultiplexedSignal: 29
        start_bit: 32
        signal_size: 16
        byte_order: LittleEndian
        value_type: Unsigned
        factor: 1
        offset: 0
        min: 0
        max: 0
        unit: ""
        receivers:
          - Vector__XXX
      - name: MODULE_TEMP_28
        multiplexer_indicator:
          MultiplexedSignal: 28
        start_bit: 32
        signal_size: 16
        byte_order: LittleEndian
        value_type: Unsigned
        factor: 1
        offset: 0
        min: 0
        max: 0
        unit: ""
        receivers:
          - Vector__XXX
      - name: MODULE_TEMP_27
        multiplexer_indicator:
          MultiplexedSignal: 27
        start_bit: 32
        signal_size: 16
        byte_order: LittleEndian
        value_type: Unsigned
        factor: 1
        offset: 0
        min: 0
        max: 0
        unit: ""
        receivers:
          - Vector__XXX
      - name: MODULE_TEMP_26
        multiplexer_indicator:
          MultiplexedSignal: 26
        start_bit: 32
        signal_size: 16
        byte_order: LittleEndian
        value_type: Unsigned
        factor: 1
        offset: 0
        min: 0
        max: 0
        unit: ""
        receivers:
          - Vector__XXX
      - name: MODULE_TEMP_25
        multiplexer_indicator:
          MultiplexedSignal: 25
        start_bit: 32
        signal_size: 16
        byte_order: LittleEndian
        value_type: Unsigned
        factor: 1
        offset: 0
        min: 0
        max: 0
        unit: ""
        receivers:
          - Vector__XXX
      - name: MODULE_TEMP_24
        multiplexer_indicator:
          MultiplexedSignal: 24
        start_bit: 32
        signal_size: 16
        byte_order: LittleEndian
        value_type: Unsigned
        factor: 1
        offset: 0
        min: 0
        max: 0
        unit: ""
        receivers:
          - Vector__XXX
      - name: MODULE_TEMP_23
        multiplexer_indicator:
          MultiplexedSignal: 23
        start_bit: 32
        signal_size: 16
        byte_order: LittleEndian
        value_type: Unsigned
        factor: 1
        offset: 0
        min: 0
        max: 0
        unit: ""
        receivers:
          - Vector__XXX
      - name: MODULE_TEMP_22
        multiplexer_indicator:
          MultiplexedSignal: 22
        start_bit: 32
        signal_size: 16
        byte_order: LittleEndian
        value_type: Unsigned
        factor: 1
        offset: 0
        min: 0
        max: 0
        unit: ""
        receivers:
          - Vector__XXX
      - name: MODULE_TEMP_21
        multiplexer_indicator:
          MultiplexedSignal: 21
        start_bit: 32
        signal_size: 16
        byte_order: LittleEndian
        value_type: Unsigned
        factor: 1
        offset: 0
        min: 0
        max: 0
        unit: ""
        receivers:
          - Vector__XXX
      - name: MODULE_TEMP_20
        multiplexer_indicator:
          MultiplexedSignal: 20
        start_bit: 32
        signal_size: 16
        byte_order: LittleEndian
        value_type: Unsigned
        factor: 1
        offset: 0
        min: 0
        max: 0
        unit: ""
        receivers:
          - Vector__XXX
      - name: MODULE_TEMP_19
        multiplexer_indicator:
          MultiplexedSignal: 19
        start_bit: 32
        signal_size: 16
        byte_order: LittleEndian
        value_type: Unsigned
        factor: 1
        offset: 0
        min: 0
        max: 0
        unit: ""
        receivers:
          - Vector__XXX
      - name: MODULE_TEMP_18
        multiplexer_indicator:
          MultiplexedSignal: 18
        start_bit: 32
        signal_size: 16
        byte_order: LittleEndian
        value_type: Unsigned
        factor: 1
        offset: 0
        min: 0
        max: 0
        unit: ""
        receivers:
          - Vector__XXX
      - name: MODULE_TEMP_17
        multiplexer_indicator:
          MultiplexedSignal: 17
        start_bit: 32
        signal_size: 16
        byte_order: LittleEndian
        value_type: Unsigned
        factor: 1
        offset: 0
        min: 0
        max: 0
        unit: ""
        receivers:
          - Vector__XXX
      - name: MODULE_TEMP_16
        multiplexer_indicator:
          MultiplexedSignal: 16
        start_bit: 32
        signal_size: 16
        byte_order: LittleEndian
        value_type: Unsigned
        factor: 1
        offset: 0
        min: 0
        max: 0
        unit: ""
        receivers:
          - Vector__XXX
      - name: MODULE_TEMP_15
        multiplexer_indicator:
          MultiplexedSignal: 15
        start_bit: 32
        signal_size: 16
        byte_order: LittleEndian
        value_type: Unsigned
        factor: 1
        offset: 0
        min: 0
        max: 0
        unit: ""
        receivers:
          - Vector__XXX
      - name: MODULE_TEMP_14
        multiplexer_indicator:
          MultiplexedSignal: 14
        start_bit: 32
        signal_size: 16
        byte_order: LittleEndian
        value_type: Unsigned
        factor: 1
        offset: 0
        min: 0
        max: 0
        unit: ""
        receivers:
          - Vector__XXX
      - name: MODULE_TEMP_13
        multiplexer_indicator:
          MultiplexedSignal: 13
        start_bit: 32
        signal_size: 16
        byte_order: LittleEndian
        value_type: Unsigned
        factor: 1
        offset: 0
        min: 0
        max: 0
        unit: ""
        receivers:
          - Vector__XXX
      - name: MODULE_TEMP_12
        multiplexer_indicator:
          MultiplexedSignal: 12
        start_bit: 32
        signal_size: 16
        byte_order: LittleEndian
        value_type: Unsigned
        factor: 1
        offset: 0
        min: 0
        max: 0
        unit: ""
        receivers:
          - Vector__XXX
      - name: MODULE_TEMP_11
        multiplexer_indicator:
          MultiplexedSignal: 11
        start_bit: 32
        signal_size: 16
        byte_order: LittleEndian
        value_type: Unsigned
        factor: 1
        offset: 0
        min: 0
        max: 0
        unit: ""
        receivers:
          - Vector__XXX
      - name: MODULE_TEMP_10
        multiplexer_indicator:
          MultiplexedSignal: 10
        start_bit: 32
        signal_size: 16
        byte_order: LittleEndian
        value_type: Unsigned
        factor: 1
        offset: 0
        min: 0
        max: 0
        unit: ""
        receivers:
          - Vector__XXX
      - name: MODULE_TEMP_09
        multiplexer_indicator:
          MultiplexedSignal: 9
        start_bit: 32
        signal_size: 16
        byte_order: LittleEndian
        value_type: Unsigned
        factor: 1
        offset: 0
        min: 0
        max: 0
        unit: ""
        receivers:
          - Vector__XXX
      - name: MODULE_TEMP_08
        multiplexer_indicator:
          MultiplexedSignal: 8
        start_bit: 32
        signal_size: 16
        byte_order: LittleEndian
        value_type: Unsigned
        factor: 1
        offset: 0
        min: 0
        max: 0
        unit: ""
        receivers:
          - Vector__XXX
      - name: MODULE_TEMP_07
        multiplexer_indicator:
          MultiplexedSignal: 7
        start_bit: 32
        signal_size: 16
        byte_order: LittleEndian
        value_type: Unsigned
        factor: 1
        offset: 0
        min: 0
        max: 0
        unit: ""
        receivers:
          - Vector__XXX
      - name: MODULE_TEMP_06
        multiplexer_indicator:
          MultiplexedSignal: 6
        start_bit: 32
        signal_size: 16
        byte_order: LittleEndian
        value_type: Unsigned
        factor: 1
        offset: 0
        min: 0
        max: 0
        unit: ""
        receivers:
          - Vector__XXX
      - name: MODULE_TEMP_05
        multiplexer_indicator:
          MultiplexedSignal: 5
        start_bit: 32
        signal_size: 16
        byte_order: LittleEndian
        value_type: Unsigned
        factor: 1
        offset: 0
        min: 0
        max: 0
        unit: ""
        receivers:
          - Vector__XXX
      - name: MODULE_TEMP_04
        multiplexer_indicator:
          MultiplexedSignal: 4
        start_bit: 32
        signal_size: 16
        byte_order: LittleEndian
        value_type: Unsigned
        factor: 1
        offset: 0
        min: 0
        max: 0
        unit: ""
        receivers:
          - Vector__XXX
      - name: MODULE_TEMP_03
        multiplexer_indicator:
          MultiplexedSignal: 3
        start_bit: 32
        signal_size: 16
        byte_order: LittleEndian
        value_type: Unsigned
        factor: 1
        offset: 0
        min: 0
        max: 0
        unit: ""
        receivers:
          - Vector__XXX
      - name: MODULE_TEMP_02
        multiplexer_indicator:
          MultiplexedSignal: 2
        start_bit: 32
        signal_size: 16
        byte_order: LittleEndian
        value_type: Unsigned
        factor: 1
        offset: 0
        min: 0
        max: 0
        unit: ""
        receivers:
          - Vector__XXX
      - name: MODULE_TEMP_01
        multiplexer_indicator:
          MultiplexedSignal: 1
        start_bit: 32
        signal_size: 16
        byte_order: LittleEndian
        value_type: Unsigned
        factor: 1
        offset: 0
        min: 0
        max: 0
        unit: ""
        receivers:
          - Vector__XXX
      - name: MODULE_TEMP_00
        multiplexer_indicator:
          MultiplexedSignal: 0
        start_bit: 32
        signal_size: 16
        byte_order: LittleEndian
        value_type: Unsigned
        factor: 1
        offset: 0
        min: 0
        max: 0
        unit: ""
        receivers:
          - Vector__XXX
      - name: MODULE_VOLTAGE_35
        multiplexer_indicator:
          MultiplexedSignal: 35
        start_bit: 16
        signal_size: 16
        byte_order: LittleEndian
        value_type: Unsigned
        factor: 1
        offset: 0
        min: 0
        max: 0
        unit: ""
        receivers:
          - Vector__XXX
      - name: MODULE_VOLTAGE_34
        multiplexer_indicator:
          MultiplexedSignal: 34
        start_bit: 16
        signal_size: 16
        byte_order: LittleEndian
        value_type: Unsigned
        factor: 1
        offset: 0
        min: 0
        max: 0
        unit: ""
        receivers:
          - Vector__XXX
      - name: MODULE_VOLTAGE_33
        multiplexer_indicator:
          MultiplexedSignal: 33
        start_bit: 16
        signal_size: 16
        byte_order: LittleEndian
        value_type: Unsigned
        factor: 1
        offset: 0
        min: 0
        max: 0
        unit: ""
        receivers:
          - Vector__XXX
      - name: MODULE_VOLTAGE_32
        multiplexer_indicator:
          MultiplexedSignal: 32
        start_bit: 16
        signal_size: 16
        byte_order: LittleEndian
        value_type: Unsigned
        factor: 1
        offset: 0
        min: 0
        max: 0
        unit: ""
        receivers:
          - Vector__XXX
      - name: MODULE_VOLTAGE_31
        multiplexer_indicator:
          MultiplexedSignal: 31
        start_bit: 16
        signal_size: 16
        byte_order: LittleEndian
        value_type: Unsigned
        factor: 1
        offset: 0
        min: 0
        max: 0
        unit: ""
        receivers:
          - Vector__XXX
      - name: MODULE_VOLTAGE_30
        multiplexer_indicator:
          MultiplexedSignal: 30
        start_bit: 16
        signal_size: 16
        byte_order: LittleEndian
        value_type: Unsigned
        factor: 1
        offset: 0
        min: 0
        max: 0
        unit: ""
        receivers:
          - Vector__XXX
      - name: MODULE_VOLTAGE_29
        multiplexer_indicator:
          MultiplexedSignal: 29
        start_bit: 16
        signal_size: 16
        byte_order: LittleEndian
        value_type: Unsigned
        factor: 1
        offset: 0
        min: 0
        max: 0
        unit: ""
        receivers:
          - Vector__XXX
      - name: MODULE_VOLTAGE_28
        multiplexer_indicator:
          MultiplexedSignal: 28
        start_bit: 16
        signal_size: 16
        byte_order: LittleEndian
        value_type: Unsigned
        factor: 1
        offset: 0
        min: 0
        max: 0
        unit: ""
        receivers:
          - Vector__XXX
      - name: MODULE_VOLTAGE_27
        multiplexer_indicator:
          MultiplexedSignal: 27
        start_bit: 16
        signal_size: 16
        byte_order: LittleEndian
        value_type: Unsigned
        factor: 1
        offset: 0
        min: 0
        max: 0
        unit: ""
        receivers:
          - Vector__XXX
      - name: MODULE_VOLTAGE_26
        multiplexer_indicator:
          MultiplexedSignal: 26
        start_bit: 16
        signal_size: 16
        byte_order: LittleEndian
        value_type: Unsigned
        factor: 1
        offset: 0
        min: 0
        max: 0
        unit: ""
        receivers:
          - Vector__XXX
      - name: MODULE_VOLTAGE_25
        multiplexer_indicator:
          MultiplexedSignal: 25
        start_bit: 16
        signal_size: 16
        byte_order: LittleEndian
        value_type: Unsigned
        factor: 1
        offset: 0
        min: 0
        max: 0
        unit: ""
        receivers:
          - Vector__XXX
      - name: MODULE_VOLTAGE_24
        multiplexer_indicator:
          MultiplexedSignal: 24
        start_bit: 16
        signal_size: 16
        byte_order: LittleEndian
        value_type: Unsigned
        factor: 1
        offset: 0
        min: 0
        max: 0
        unit: ""
        receivers:
          - Vector__XXX
      - name: MODULE_VOLTAGE_23
        multiplexer_indicator:
          MultiplexedSignal: 23
        start_bit: 16
        signal_size: 16
        byte_order: LittleEndian
        value_type: Unsigned
        factor: 1
        offset: 0
        min: 0
        max: 0
        unit: ""
        receivers:
          - Vector__XXX
      - name: MODULE_VOLTAGE_22
        multiplexer_indicator:
          MultiplexedSignal: 22
        start_bit: 16
        signal_size: 16
        byte_order: LittleEndian
        value_type: Unsigned
        factor: 1
        offset: 0
        min: 0
        max: 0
        unit: ""
        receivers:
          - Vector__XXX
      - name: MODULE_VOLTAGE_21
        multiplexer_indicator:
          MultiplexedSignal: 21
        start_bit: 16
        signal_size: 16
        byte_order: LittleEndian
        value_type: Unsigned
        factor: 1
        offset: 0
        min: 0
        max: 0
        unit: ""
        receivers:
          - Vector__XXX
      - name: MODULE_VOLTAGE_20
        multiplexer_indicator:
          MultiplexedSignal: 20
        start_bit: 16
        signal_size: 16
        byte_order: LittleEndian
        value_type: Unsigned
        factor: 1
        offset: 0
        min: 0
        max: 0
        unit: ""
        receivers:
          - Vector__XXX
      - name: MODULE_VOLTAGE_19
        multiplexer_indicator:
          MultiplexedSignal: 19
        start_bit: 16
        signal_size: 16
        byte_order: LittleEndian
        value_type: Unsigned
        factor: 1
        offset: 0
        min: 0
        max: 0
        unit: ""
        receivers:
          - Vector__XXX
      - name: MODULE_VOLTAGE_18
        multiplexer_indicator:
          MultiplexedSignal: 18
        start_bit: 16
        signal_size: 16
        byte_order: LittleEndian
        value_type: Unsigned
        factor: 1
        offset: 0
        min: 0
        max: 0
        unit: ""
        receivers:
          - Vector__XXX
      - name: MODULE_VOLTAGE_17
        multiplexer_indicator:
          MultiplexedSignal: 17
        start_bit: 16
        signal_size: 16
        byte_order: LittleEndian
        value_type: Unsigned
        factor: 1
        offset: 0
        min: 0
        max: 0
        unit: ""
        receivers:
          - Vector__XXX
      - name: MODULE_VOLTAGE_16
        multiplexer_indicator:
          MultiplexedSignal: 16
        start_bit: 16
        signal_size: 16
        byte_order: LittleEndian
        value_type: Unsigned
        factor: 1
        offset: 0
        min: 0
        max: 0
        unit: ""
        receivers:
          - Vector__XXX
      - name: MODULE_VOLTAGE_15
        multiplexer_indicator:
          MultiplexedSignal: 15
        start_bit: 16
        signal_size: 16
        byte_order: LittleEndian
        value_type: Unsigned
        factor: 1
        offset: 0
        min: 0
        max: 0
        unit: ""
        receivers:
          - Vector__XXX
      - name: MODULE_VOLTAGE_14
        multiplexer_indicator:
          MultiplexedSignal: 14
        start_bit: 16
        signal_size: 16
        byte_order: LittleEndian
        value_type: Unsigned
        factor: 1
        offset: 0
        min: 0
        max: 0
        unit: ""
        receivers:
          - Vector__XXX
      - name: MODULE_VOLTAGE_13
        multiplexer_indicator:
          MultiplexedSignal: 13
        start_bit: 16
        signal_size: 16
        byte_order: LittleEndian
        value_type: Unsigned
        factor: 1
        offset: 0
        min: 0
        max: 0
        unit: ""
        receivers:
          - Vector__XXX
      - name: MODULE_VOLTAGE_12
        multiplexer_indicator:
          MultiplexedSignal: 12
        start_bit: 16
        signal_size: 16
        byte_order: LittleEndian
        value_type: Unsigned
        factor: 1
        offset: 0
        min: 0
        max: 0
        unit: ""
        receivers:
          - Vector__XXX
      - name: MODULE_VOLTAGE_11
        multiplexer_indicator:
          MultiplexedSignal: 11
        start_bit: 16
        signal_size: 16
        byte_order: LittleEndian
        value_type: Unsigned
        factor: 1
        offset: 0
        min: 0
        max: 0
        unit: ""
        receivers:
          - Vector__XXX
      - name: MODULE_VOLTAGE_10
        multiplexer_indicator:
          MultiplexedSignal: 10
        start_bit: 16
        signal_size: 16
        byte_order: LittleEndian
        value_type: Unsigned
        factor: 1
        offset: 0
        min: 0
        max: 0
        unit: ""
        receivers:
          - Vector__XXX
      - name: MODULE_VOLTAGE_09
        multiplexer_indicator:
          MultiplexedSignal: 9
        start_bit: 16
        signal_size: 16
        byte_order: LittleEndian
        value_type: Unsigned
        factor: 1
        offset: 0
        min: 0
        max: 0
        unit: ""
        receivers:
          - Vector__XXX
      - name: MODULE_VOLTAGE_08
        multiplexer_indicator:
          MultiplexedSignal: 8
        start_bit: 16
        signal_size: 16
        byte_order: LittleEndian
        value_type: Unsigned
        factor: 1
        offset: 0
        min: 0
        max: 0
        unit: ""
        receivers:
          - Vector__XXX
      - name: MODULE_VOLTAGE_07
        multiplexer_indicator:
          MultiplexedSignal: 7
        start_bit: 16
        signal_size: 16
        byte_order: LittleEndian
        value_type: Unsigned
        factor: 1
        offset: 0
        min: 0
        max: 0
        unit: ""
        receivers:
          - Vector__XXX
      - name: MODULE_VOLTAGE_06
        multiplexer_indicator:
          MultiplexedSignal: 6
        start_bit: 16
        signal_size: 16
        byte_order: LittleEndian
        value_type: Unsigned
        factor: 1
        offset: 0
        min: 0
        max: 0
        unit: ""
        receivers:
          - Vector__XXX
      - name: MODULE_VOLTAGE_05
        multiplexer_indicator:
          MultiplexedSignal: 5
        start_bit: 16
        signal_size: 16
        byte_order: LittleEndian
        value_type: Unsigned
        factor: 1
        offset: 0
        min: 0
        max: 0
        unit: ""
        receivers:
          - Vector__XXX
      - name: MODULE_VOLTAGE_04
        multiplexer_indicator:
          MultiplexedSignal: 4
        start_bit: 16
        signal_size: 16
        byte_order: LittleEndian
        value_type: Unsigned
        factor: 1
        offset: 0
        min: 0
        max: 0
        unit: ""
        receivers:
          - Vector__XXX
      - name: MODULE_VOLTAGE_03
        multiplexer_indicator:
          MultiplexedSignal: 3
        start_bit: 16
        signal_size: 16
        byte_order: LittleEndian
        value_type: Unsigned
        factor: 1
        offset: 0
        min: 0
        max: 0
        unit: ""
        receivers:
          - Vector__XXX
      - name: MODULE_VOLTAGE_02
        multiplexer_indicator:
          MultiplexedSignal: 2
        start_bit: 16
        signal_size: 16
        byte_order: LittleEndian
        value_type: Unsigned
        factor: 1
        offset: 0
        min: 0
        max: 0
        unit: ""
        receivers:
          - Vector__XXX
      - name: MODULE_VOLTAGE_01
        multiplexer_indicator:
          MultiplexedSignal: 1
        start_bit: 16
        signal_size: 16
        byte_order: LittleEndian
        value_type: Unsigned
        factor: 1
        offset: 0
        min: 0
        max: 0
        unit: ""
        receivers:
          - Vector__XXX
      - name: MODULE_VOLTAGE_00
        multiplexer_indicator:
          MultiplexedSignal: 0
        start_bit: 16
        signal_size: 16
        byte_order: LittleEndian
        value_type: Unsigned
        factor: 1
        offset: 0
        min: 0
        max: 0
        unit: ""
        receivers:
          - Vector__XXX
      - name: BATTERY_VT_INDEX
        multiplexer_indicator: Multiplexor
        start_bit: 0
        signal_size: 16
        byte_order: LittleEndian
        value_type: Unsigned
        factor: 1
        offset: 0
        min: 0
        max: 0
        unit: ""
        receivers:
          - Vector__XXX
message_transmitters: []
environment_variables: []
environment_variable_data: []
signal_types: []
comments: []
attribute_definitions: []
attribute_defaults: []
attribute_values: []
value_descriptions: []
signal_type_refs: []
signal_groups: []
signal_extended_value_type_list: []
extended_multiplex: []
