---
source: tests/test-snapshots.rs
---
version: ""
new_symbols:
  - NS_DESC_
  - CM_
  - BA_DEF_
  - BA_
  - VAL_
  - CAT_DEF_
  - CAT_
  - FILTER
  - BA_DEF_DEF_
  - EV_DATA_
  - ENVVAR_DATA_
  - SGTYPE_
  - SGTYPE_VAL_
  - BA_DEF_SGTYPE_
  - BA_SGTYPE_
  - SIG_TYPE_REF_
  - VAL_TABLE_
  - SIG_GROUP_
  - SIG_VALTYPE_
  - SIGTYPE_VALTYPE_
  - BO_TX_BU_
  - BA_DEF_REL_
  - BA_REL_
  - BA_DEF_DEF_REL_
  - BU_SG_REL_
  - BU_EV_REL_
  - BU_BO_REL_
  - SG_MUL_VAL_
bit_timing: []
nodes:
  - - Tester
value_tables: []
messages:
  - message_id:
      Standard: 3
    message_name: Test
    message_size: 8
    transmitter:
      NodeName: Tester
    signals:
      - name: TestSig
        multiplexer_indicator: Plain
        start_bit: 0
        signal_size: 8
        byte_order: LittleEndian
        value_type: Signed
        factor: 1
        offset: 0
        min: 0
        max: 0
        unit: ""
        receivers:
          - Tester
  - message_id:
      Standard: 2
    message_name: SGMsg_m
    message_size: 8
    transmitter: VectorXXX
    signals:
      - name: dupsig
        multiplexer_indicator: Plain
        start_bit: 24
        signal_size: 8
        byte_order: LittleEndian
        value_type: Signed
        factor: 1
        offset: 0
        min: 0
        max: 0
        unit: ""
        receivers:
          - Vector__XXX
      - name: subSig2_1
        multiplexer_indicator: Plain
        start_bit: 16
        signal_size: 8
        byte_order: LittleEndian
        value_type: Signed
        factor: 1
        offset: 0
        min: 0
        max: 0
        unit: ""
        receivers:
          - Vector__XXX
      - name: subSig1_2
        multiplexer_indicator: Plain
        start_bit: 8
        signal_size: 8
        byte_order: LittleEndian
        value_type: Signed
        factor: 1
        offset: 0
        min: 0
        max: 0
        unit: ""
        receivers:
          - Vector__XXX
      - name: subSig1_1
        multiplexer_indicator: Plain
        start_bit: 0
        signal_size: 8
        byte_order: LittleEndian
        value_type: Signed
        factor: 1
        offset: 0
        min: 0
        max: 0
        unit: ""
        receivers:
          - Vector__XXX
  - message_id:
      Standard: 1
    message_name: SGMsg
    message_size: 8
    transmitter: VectorXXX
    signals:
      - name: dupsig
        multiplexer_indicator: Plain
        start_bit: 16
        signal_size: 8
        byte_order: LittleEndian
        value_type: Signed
        factor: 1
        offset: 0
        min: 0
        max: 0
        unit: ""
        receivers:
          - Vector__XXX
      - name: SG2
        multiplexer_indicator: Plain
        start_bit: 8
        signal_size: 8
        byte_order: LittleEndian
        value_type: Signed
        factor: 1
        offset: 0
        min: 0
        max: 0
        unit: ""
        receivers:
          - Vector__XXX
      - name: SG1
        multiplexer_indicator: Plain
        start_bit: 0
        signal_size: 8
        byte_order: LittleEndian
        value_type: Signed
        factor: 1
        offset: 0
        min: 0
        max: 0
        unit: ""
        receivers:
          - Vector__XXX
  - message_id:
      Standard: 0
    message_name: NormalMsg
    message_size: 8
    transmitter: VectorXXX
    signals:
      - name: Sig_2
        multiplexer_indicator: Plain
        start_bit: 8
        signal_size: 8
        byte_order: LittleEndian
        value_type: Signed
        factor: 1
        offset: 0
        min: 0
        max: 0
        unit: ""
        receivers:
          - Vector__XXX
      - name: Sig_1
        multiplexer_indicator: Plain
        start_bit: 0
        signal_size: 8
        byte_order: LittleEndian
        value_type: Signed
        factor: 1
        offset: 0
        min: 0
        max: 0
        unit: ""
        receivers:
          - Vector__XXX
message_transmitters: []
environment_variables: []
environment_variable_data: []
signal_types: []
comments: []
attribute_definitions:
  - Plain: "\"BusType\" STRING "
  - Message: "\"GenMsgCycleTime\" INT 0 65535"
attribute_defaults:
  - attribute_name: BusType
    attribute_value:
      AttributeValueCharString: CAN
  - attribute_name: GenMsgCycleTime
    attribute_value:
      AttributeValueF64: 0
attribute_values: []
value_descriptions: []
signal_type_refs: []
signal_groups:
  - message_id:
      Standard: 2
    signal_group_name: Sub2
    repetitions: 1
    signal_names:
      - dupsig
      - subSig2_1
  - message_id:
      Standard: 2
    signal_group_name: sub1
    repetitions: 1
    signal_names:
      - dupsig
      - subSig1_2
      - subSig1_1
  - message_id:
      Standard: 1
    signal_group_name: New_Signal_Group_46
    repetitions: 1
    signal_names:
      - SG2
      - SG1
signal_extended_value_type_list: []
extended_multiplex: []
