---
source: tests/cantool-dbcs.rs
---
Nom(
    Error(
        Error {
            input: "NS_:\r\n\r\nBS_:\r\n\r\nBU_:\r\n",
            code: Tag,
        },
    ),
)
