---
source: tests/cantool-dbcs.rs
---
Nom(
    Error(
        Error {
            input: "",
            code: Tag,
        },
    ),
)
