---
source: tests/cantool-dbcs.rs
---
InvalidContent(
    Utf8Error {
        valid_up_to: 1178,
        error_len: Some(
            1,
        ),
    },
)
