---
source: tests/cantool-dbcs.rs
---
version: "HIPBNYYYYYYYYYYYYYYYYYYYYYYYYYYYYYYYYYYYYY/4/%%%/4/'%**4YYY///"
new_symbols:
  - NS_DESC_
  - CM_
  - BA_DEF_
  - BA_
  - VAL_
  - CAT_DEF_
  - CAT_
  - FILTER
  - BA_DEF_DEF_
  - EV_DATA_
  - ENVVAR_DATA_
  - SGTYPE_
  - SGTYPE_VAL_
  - BA_DEF_SGTYPE_
  - BA_SGTYPE_
  - SIG_TYPE_REF_
  - VAL_TABLE_
  - SIG_GROUP_
  - SIG_VALTYPE_
  - SIGTYPE_VALTYPE_
  - BO_TX_BU_
  - BA_DEF_REL_
  - BA_REL_
  - BA_DEF_DEF_REL_
  - BU_SG_REL_
  - BU_EV_REL_
  - BU_BO_REL_
  - SG_MUL_VAL_
bit_timing: []
nodes:
  - - TestNode
value_tables: []
messages:
  - message_id:
      Standard: 1024
    message_name: Message1
    message_size: 8
    transmitter:
      NodeName: TestNode
    signals:
      - name: Signal1
        multiplexer_indicator: Plain
        start_bit: 0
        signal_size: 64
        byte_order: LittleEndian
        value_type: Signed
        factor: 1
        offset: 0
        min: 0
        max: 0
        unit: ""
        receivers:
          - Vector__XXX
  - message_id:
      Standard: 1025
    message_name: Message2
    message_size: 8
    transmitter:
      NodeName: TestNode
    signals:
      - name: Signal2
        multiplexer_indicator: Plain
        start_bit: 32
        signal_size: 32
        byte_order: LittleEndian
        value_type: Signed
        factor: 1
        offset: 0
        min: 0
        max: 0
        unit: ""
        receivers:
          - Vector__XXX
      - name: Signal1
        multiplexer_indicator: Plain
        start_bit: 0
        signal_size: 32
        byte_order: LittleEndian
        value_type: Signed
        factor: 1
        offset: 0
        min: 0
        max: 0
        unit: ""
        receivers:
          - Vector__XXX
message_transmitters: []
environment_variables: []
environment_variable_data: []
signal_types: []
comments:
  - Node:
      node_name: TestNode
      comment: ""
attribute_definitions: []
attribute_defaults: []
attribute_values: []
value_descriptions: []
signal_type_refs: []
signal_groups: []
signal_extended_value_type_list:
  - message_id:
      Standard: 1024
    signal_name: Signal1
    signal_extended_value_type: IEEEdouble64bit
  - message_id:
      Standard: 1025
    signal_name: Signal1
    signal_extended_value_type: IEEEfloat32Bit
  - message_id:
      Standard: 1025
    signal_name: Signal2
    signal_extended_value_type: IEEEfloat32Bit
extended_multiplex: []
