---
source: tests/snapshots.rs
---
InvalidInt(
    "-9.22337203685478E+018",
)
