---
source: tests/snapshots.rs
---
version: ""
new_symbols:
  - NS_DESC_
  - CM_
  - BA_DEF_
  - BA_
  - VAL_
  - CAT_DEF_
  - CAT_
  - FILTER
  - BA_DEF_DEF_
  - EV_DATA_
  - ENVVAR_DATA_
  - SGTYPE_
  - SGTYPE_VAL_
  - BA_DEF_SGTYPE_
  - BA_SGTYPE_
  - SIG_TYPE_REF_
  - VAL_TABLE_
  - SIG_GROUP_
  - SIG_VALTYPE_
  - SIGTYPE_VALTYPE_
  - BO_TX_BU_
  - BA_DEF_REL_
  - BA_REL_
  - BA_DEF_DEF_REL_
  - BU_SG_REL_
  - BU_EV_REL_
  - BU_BO_REL_
  - SG_MUL_VAL_
bit_timing: []
nodes:
  - Node2
  - Node1
messages:
  - id:
      Extended: 355729921
    name: Message1
    size: 8
    transmitter:
      NodeName: Node1
    signals:
      - name: Signal1
        multiplexer_indicator: Plain
        start_bit: 0
        size: 8
        byte_order: LittleEndian
        value_type: Signed
        factor: 1
        offset: 0
        min: 0
        max: 0
        unit: ""
        receivers:
          - Node2
  - id:
      Extended: 368054274
    name: Message2
    size: 8
    transmitter:
      NodeName: Node2
    signals:
      - name: Signal2
        multiplexer_indicator: Plain
        start_bit: 0
        size: 8
        byte_order: LittleEndian
        value_type: Signed
        factor: 1
        offset: 0
        min: 0
        max: 0
        unit: ""
        receivers:
          - Node1
attribute_definitions:
  - Message:
      - TpJ1939VarDlc
      - Enum:
          - "No"
          - "Yes"
  - Signal:
      - SigType
      - Enum:
          - Default
          - Range
          - RangeSigned
          - ASCII
          - Discrete
          - Control
          - ReferencePGN
          - DTC
          - StringDelimiter
          - StringLength
          - StringLengthControl
          - MessageCounter
          - MessageChecksum
  - Signal:
      - GenSigEVName
      - String
  - Signal:
      - GenSigILSupport
      - Enum:
          - "No"
          - "Yes"
  - Signal:
      - GenSigSendType
      - Enum:
          - Cyclic
          - OnWrite
          - OnWriteWithRepetition
          - OnChange
          - OnChangeWithRepetition
          - IfActive
          - IfActiveWithRepetition
          - NoSigSendType
  - Message:
      - GenMsgFastOnStart
      - Int:
          - 0
          - 100000
  - Signal:
      - GenSigInactiveValue
      - Int:
          - 0
          - 0
  - Message:
      - GenMsgCycleTimeFast
      - Int:
          - 0
          - 3600000
  - Message:
      - GenMsgNrOfRepetition
      - Int:
          - 0
          - 1000000
  - Signal:
      - GenSigStartValue
      - Int:
          - 0
          - 2147483647
  - Message:
      - GenMsgDelayTime
      - Int:
          - 0
          - 1000
  - Message:
      - GenMsgILSupport
      - Enum:
          - "No"
          - "Yes"
  - Message:
      - GenMsgStartDelayTime
      - Int:
          - 0
          - 100000
  - Node:
      - NodeLayerModules
      - String
  - Node:
      - ECU
      - String
  - Node:
      - NmJ1939SystemInstance
      - Int:
          - 0
          - 15
  - Node:
      - NmJ1939System
      - Int:
          - 0
          - 127
  - Node:
      - NmJ1939ManufacturerCode
      - Int:
          - 0
          - 2047
  - Node:
      - NmJ1939IndustryGroup
      - Int:
          - 0
          - 7
  - Node:
      - NmJ1939IdentityNumber
      - Int:
          - 0
          - 2097151
  - Node:
      - NmJ1939FunctionInstance
      - Int:
          - 0
          - 7
  - Node:
      - NmJ1939Function
      - Int:
          - 0
          - 255
  - Node:
      - NmJ1939ECUInstance
      - Int:
          - 0
          - 3
  - Node:
      - NmJ1939AAC
      - Int:
          - 0
          - 1
  - Node:
      - NmStationAddress
      - Int:
          - 0
          - 255
  - Message:
      - GenMsgSendType
      - Enum:
          - cyclic
          - NotUsed
          - IfActive
          - NotUsed
          - NotUsed
          - NotUsed
          - NotUsed
          - NotUsed
          - noMsgSendType
  - Message:
      - GenMsgRequestable
      - Int:
          - 0
          - 1
  - Message:
      - GenMsgCycleTime
      - Int:
          - 0
          - 3600000
  - Signal:
      - SPN
      - Int:
          - 0
          - 524287
  - Plain:
      - DBName
      - String
  - Plain:
      - BusType
      - String
  - Plain:
      - ProtocolType
      - String
  - Message:
      - VFrameFormat
      - Enum:
          - StandardCAN
          - ExtendedCAN
          - reserved
          - J1939PG
attribute_defaults:
  - name: TpJ1939VarDlc
    value:
      String: "No"
  - name: SigType
    value:
      String: Default
  - name: GenSigEVName
    value:
      String: Env@Nodename_@Signame
  - name: GenSigILSupport
    value:
      String: "Yes"
  - name: GenSigSendType
    value:
      String: NoSigSendType
  - name: GenMsgFastOnStart
    value:
      Double: 0
  - name: GenSigInactiveValue
    value:
      Double: 0
  - name: GenMsgCycleTimeFast
    value:
      Double: 0
  - name: GenMsgNrOfRepetition
    value:
      Double: 0
  - name: GenSigStartValue
    value:
      Double: 0
  - name: GenMsgDelayTime
    value:
      Double: 0
  - name: GenMsgILSupport
    value:
      String: "Yes"
  - name: GenMsgStartDelayTime
    value:
      Double: 0
  - name: NodeLayerModules
    value:
      String: ""
  - name: ECU
    value:
      String: ""
  - name: NmJ1939SystemInstance
    value:
      Double: 0
  - name: NmJ1939System
    value:
      Double: 0
  - name: NmJ1939ManufacturerCode
    value:
      Double: 0
  - name: NmJ1939IndustryGroup
    value:
      Double: 0
  - name: NmJ1939IdentityNumber
    value:
      Double: 0
  - name: NmJ1939FunctionInstance
    value:
      Double: 0
  - name: NmJ1939Function
    value:
      Double: 0
  - name: NmJ1939ECUInstance
    value:
      Double: 0
  - name: NmJ1939AAC
    value:
      Double: 0
  - name: NmStationAddress
    value:
      Double: 254
  - name: GenMsgSendType
    value:
      String: noMsgSendType
  - name: GenMsgRequestable
    value:
      Double: 1
  - name: GenMsgCycleTime
    value:
      Double: 0
  - name: SPN
    value:
      Double: 0
  - name: DBName
    value:
      String: ""
  - name: BusType
    value:
      String: CAN
  - name: ProtocolType
    value:
      String: J1939
  - name: VFrameFormat
    value:
      String: J1939PG
attribute_values:
  - name: DBName
    value:
      Raw:
        String: foo
  - name: NmStationAddress
    value:
      NetworkNode:
        - Node2
        - Double: 2
  - name: NmStationAddress
    value:
      NetworkNode:
        - Node1
        - Double: 1
  - name: VFrameFormat
    value:
      MessageDefinition:
        - Extended: 355729921
        - Double: 3
  - name: SPN
    value:
      Signal:
        - Extended: 355729921
        - Signal1
        - Double: 500
